../Drivers/lvgl/src/misc/cache/lv_cache_entry.c:45:6:lv_cache_entry_reset_ref	16	static
../Drivers/lvgl/src/misc/cache/lv_cache_entry.c:51:6:lv_cache_entry_inc_ref	16	static
../Drivers/lvgl/src/misc/cache/lv_cache_entry.c:57:6:lv_cache_entry_dec_ref	16	static
../Drivers/lvgl/src/misc/cache/lv_cache_entry.c:67:9:lv_cache_entry_get_ref	16	static
../Drivers/lvgl/src/misc/cache/lv_cache_entry.c:73:10:lv_cache_entry_get_node_size	16	static
../Drivers/lvgl/src/misc/cache/lv_cache_entry.c:78:6:lv_cache_entry_set_node_size	16	static
../Drivers/lvgl/src/misc/cache/lv_cache_entry.c:84:6:lv_cache_entry_is_invalid	16	static
../Drivers/lvgl/src/misc/cache/lv_cache_entry.c:90:8:lv_cache_entry_get_data	16	static
../Drivers/lvgl/src/misc/cache/lv_cache_entry.c:97:8:lv_cache_entry_acquire_data	16	static
../Drivers/lvgl/src/misc/cache/lv_cache_entry.c:105:6:lv_cache_entry_release_data	16	static
../Drivers/lvgl/src/misc/cache/lv_cache_entry.c:118:20:lv_cache_entry_get_entry	16	static
../Drivers/lvgl/src/misc/cache/lv_cache_entry.c:124:6:lv_cache_entry_set_cache	16	static
../Drivers/lvgl/src/misc/cache/lv_cache_entry.c:130:20:lv_cache_entry_get_cache	16	static
../Drivers/lvgl/src/misc/cache/lv_cache_entry.c:136:10:lv_cache_entry_get_size	16	static
../Drivers/lvgl/src/misc/cache/lv_cache_entry.c:141:20:lv_cache_entry_alloc	24	static
../Drivers/lvgl/src/misc/cache/lv_cache_entry.c:155:6:lv_cache_entry_init	24	static
../Drivers/lvgl/src/misc/cache/lv_cache_entry.c:166:6:lv_cache_entry_delete	24	static
../Drivers/lvgl/src/misc/cache/lv_cache_entry.c:178:6:lv_cache_entry_set_flag	16	static
../Drivers/lvgl/src/misc/cache/lv_cache_entry.c:184:6:lv_cache_entry_remove_flag	16	static
../Drivers/lvgl/src/misc/cache/lv_cache_entry.c:190:6:lv_cache_entry_has_flag	16	static
