../Drivers/lvgl/src/layouts/flex/../../misc/lv_area.h:107:20:lv_area_copy	16	static
../Drivers/lvgl/src/layouts/flex/../../core/lv_obj_style_gen.h:30:23:lv_obj_get_style_width	24	static
../Drivers/lvgl/src/layouts/flex/../../core/lv_obj_style_gen.h:69:23:lv_obj_get_style_height	24	static
../Drivers/lvgl/src/layouts/flex/../../core/lv_obj_style_gen.h:193:23:lv_obj_get_style_translate_x	24	static
../Drivers/lvgl/src/layouts/flex/../../core/lv_obj_style_gen.h:207:23:lv_obj_get_style_translate_y	24	static
../Drivers/lvgl/src/layouts/flex/../../core/lv_obj_style_gen.h:320:23:lv_obj_get_style_pad_top	24	static
../Drivers/lvgl/src/layouts/flex/../../core/lv_obj_style_gen.h:332:23:lv_obj_get_style_pad_bottom	24	static
../Drivers/lvgl/src/layouts/flex/../../core/lv_obj_style_gen.h:344:23:lv_obj_get_style_pad_left	24	static
../Drivers/lvgl/src/layouts/flex/../../core/lv_obj_style_gen.h:356:23:lv_obj_get_style_pad_right	24	static
../Drivers/lvgl/src/layouts/flex/../../core/lv_obj_style_gen.h:368:23:lv_obj_get_style_pad_row	24	static
../Drivers/lvgl/src/layouts/flex/../../core/lv_obj_style_gen.h:380:23:lv_obj_get_style_pad_column	24	static
../Drivers/lvgl/src/layouts/flex/../../core/lv_obj_style_gen.h:404:23:lv_obj_get_style_margin_top	24	static
../Drivers/lvgl/src/layouts/flex/../../core/lv_obj_style_gen.h:416:23:lv_obj_get_style_margin_bottom	24	static
../Drivers/lvgl/src/layouts/flex/../../core/lv_obj_style_gen.h:428:23:lv_obj_get_style_margin_left	24	static
../Drivers/lvgl/src/layouts/flex/../../core/lv_obj_style_gen.h:440:23:lv_obj_get_style_margin_right	24	static
../Drivers/lvgl/src/layouts/flex/../../core/lv_obj_style_gen.h:708:23:lv_obj_get_style_border_width	24	static
../Drivers/lvgl/src/layouts/flex/../../core/lv_obj_style_gen.h:722:32:lv_obj_get_style_border_side	24	static
../Drivers/lvgl/src/layouts/flex/../../core/lv_obj_style_gen.h:1573:24:lv_obj_get_style_layout	24	static
../Drivers/lvgl/src/layouts/flex/../../core/lv_obj_style_gen.h:1585:29:lv_obj_get_style_base_dir	24	static
../Drivers/lvgl/src/layouts/flex/../../core/lv_obj_style_gen.h:1624:30:lv_obj_get_style_flex_flow	24	static
../Drivers/lvgl/src/layouts/flex/../../core/lv_obj_style_gen.h:1636:31:lv_obj_get_style_flex_main_place	24	static
../Drivers/lvgl/src/layouts/flex/../../core/lv_obj_style_gen.h:1648:31:lv_obj_get_style_flex_cross_place	24	static
../Drivers/lvgl/src/layouts/flex/../../core/lv_obj_style_gen.h:1660:31:lv_obj_get_style_flex_track_place	24	static
../Drivers/lvgl/src/layouts/flex/../../core/lv_obj_style_gen.h:1672:23:lv_obj_get_style_flex_grow	24	static
../Drivers/lvgl/src/layouts/flex/../../core/lv_obj_style.h:336:23:lv_obj_get_style_space_left	32	static
../Drivers/lvgl/src/layouts/flex/../../core/lv_obj_style.h:344:23:lv_obj_get_style_space_right	32	static
../Drivers/lvgl/src/layouts/flex/../../core/lv_obj_style.h:352:23:lv_obj_get_style_space_top	32	static
../Drivers/lvgl/src/layouts/flex/../../core/lv_obj_style.h:360:23:lv_obj_get_style_space_bottom	32	static
../Drivers/lvgl/src/layouts/flex/lv_flex.c:72:23:div_round_closest	16	static
../Drivers/lvgl/src/layouts/flex/lv_flex.c:102:6:lv_flex_init	4	static
../Drivers/lvgl/src/layouts/flex/lv_flex.c:109:6:lv_obj_set_flex_flow	16	static
../Drivers/lvgl/src/layouts/flex/lv_flex.c:115:6:lv_obj_set_flex_align	16	static
../Drivers/lvgl/src/layouts/flex/lv_flex.c:124:6:lv_obj_set_flex_grow	24	static
../Drivers/lvgl/src/layouts/flex/lv_flex.c:135:13:get_flex_info	24	static
../Drivers/lvgl/src/layouts/flex/lv_flex.c:146:13:calc_min_size	96	static
../Drivers/lvgl/src/layouts/flex/lv_flex.c:195:13:flex_update	152	static
../Drivers/lvgl/src/layouts/flex/lv_flex.c:298:16:find_track_end	96	static
../Drivers/lvgl/src/layouts/flex/lv_flex.c:421:13:children_repos	168	static
../Drivers/lvgl/src/layouts/flex/lv_flex.c:583:13:place_content	24	static
../Drivers/lvgl/src/layouts/flex/lv_flex.c:622:19:get_next_item	24	static
../Drivers/lvgl/src/layouts/flex/lv_flex.c:636:16:lv_obj_get_width_with_margin	24	static
../Drivers/lvgl/src/layouts/flex/lv_flex.c:643:16:lv_obj_get_height_with_margin	24	static
