../Drivers/lvgl/src/core/lv_group.c:45:6:lv_group_init	8	static
../Drivers/lvgl/src/core/lv_group.c:50:6:lv_group_deinit	8	static
../Drivers/lvgl/src/core/lv_group.c:55:14:lv_group_create	16	static
../Drivers/lvgl/src/core/lv_group.c:78:6:lv_group_delete	32	static
../Drivers/lvgl/src/core/lv_group.c:116:6:lv_group_set_default	16	static
../Drivers/lvgl/src/core/lv_group.c:121:14:lv_group_get_default	4	static
../Drivers/lvgl/src/core/lv_group.c:126:6:lv_group_add_obj	24	static
../Drivers/lvgl/src/core/lv_group.c:154:6:lv_group_swap_obj	32	static
../Drivers/lvgl/src/core/lv_group.c:174:6:lv_group_remove_obj	32	static
../Drivers/lvgl/src/core/lv_group.c:215:6:lv_group_remove_all_objs	32	static
../Drivers/lvgl/src/core/lv_group.c:235:6:lv_group_focus_obj	40	static
../Drivers/lvgl/src/core/lv_group.c:268:6:lv_group_focus_next	24	static
../Drivers/lvgl/src/core/lv_group.c:279:6:lv_group_focus_prev	24	static
../Drivers/lvgl/src/core/lv_group.c:290:6:lv_group_focus_freeze	16	static
../Drivers/lvgl/src/core/lv_group.c:298:13:lv_group_send_data	24	static
../Drivers/lvgl/src/core/lv_group.c:310:6:lv_group_set_focus_cb	16	static
../Drivers/lvgl/src/core/lv_group.c:317:6:lv_group_set_edge_cb	16	static
../Drivers/lvgl/src/core/lv_group.c:324:6:lv_group_set_editing	40	static
../Drivers/lvgl/src/core/lv_group.c:342:6:lv_group_set_refocus_policy	16	static
../Drivers/lvgl/src/core/lv_group.c:348:6:lv_group_set_wrap	16	static
../Drivers/lvgl/src/core/lv_group.c:354:12:lv_group_get_focused	16	static
../Drivers/lvgl/src/core/lv_group.c:362:21:lv_group_get_focus_cb	16	static
../Drivers/lvgl/src/core/lv_group.c:368:20:lv_group_get_edge_cb	16	static
../Drivers/lvgl/src/core/lv_group.c:374:6:lv_group_get_editing	16	static
../Drivers/lvgl/src/core/lv_group.c:380:6:lv_group_get_wrap	16	static
../Drivers/lvgl/src/core/lv_group.c:386:10:lv_group_get_obj_count	16	static
../Drivers/lvgl/src/core/lv_group.c:392:12:lv_group_get_obj_by_index	24	static
../Drivers/lvgl/src/core/lv_group.c:406:10:lv_group_get_count	8	static
../Drivers/lvgl/src/core/lv_group.c:411:15:lv_group_by_index	24	static
../Drivers/lvgl/src/core/lv_group.c:439:6:lv_group_set_user_data	16	static
../Drivers/lvgl/src/core/lv_group.c:445:8:lv_group_get_user_data	16	static
../Drivers/lvgl/src/core/lv_group.c:455:13:lv_group_refocus	24	static
../Drivers/lvgl/src/core/lv_group.c:469:13:focus_next_core	56	static
../Drivers/lvgl/src/core/lv_group.c:552:21:get_indev	32	static
