../Drivers/lvgl/src/core/../misc/../font/../draw/../misc/../stdlib/lv_string.h:73:20:lv_memzero	16	static
../Drivers/lvgl/src/core/../misc/lv_bidi.h:71:20:lv_bidi_calculate_align	24	static
../Drivers/lvgl/src/core/../misc/lv_style.h:434:20:lv_style_is_const	16	static
../Drivers/lvgl/src/core/../misc/lv_style.h:529:30:lv_style_get_prop_inlined	48	static
../Drivers/lvgl/src/core/../misc/lv_style.h:569:24:lv_style_get_prop_group	24	static
../Drivers/lvgl/src/core/../misc/lv_style.h:706:20:lv_style_prop_has_flag	16	static
../Drivers/lvgl/src/core/lv_obj_style.h:264:26:lv_obj_style_get_selector_state	16	static
../Drivers/lvgl/src/core/lv_obj_style.h:269:25:lv_obj_style_get_selector_part	16	static
../Drivers/lvgl/src/core/lv_obj_style_gen.h:30:23:lv_obj_get_style_width	24	static
../Drivers/lvgl/src/core/lv_obj_style_gen.h:69:23:lv_obj_get_style_height	24	static
../Drivers/lvgl/src/core/lv_obj_style_gen.h:233:23:lv_obj_get_style_transform_scale_x	24	static
../Drivers/lvgl/src/core/lv_obj_style_gen.h:246:23:lv_obj_get_style_transform_scale_y	24	static
../Drivers/lvgl/src/core/lv_obj_style_gen.h:258:23:lv_obj_get_style_transform_rotation	24	static
../Drivers/lvgl/src/core/lv_obj_style_gen.h:295:23:lv_obj_get_style_transform_skew_x	24	static
../Drivers/lvgl/src/core/lv_obj_style_gen.h:308:23:lv_obj_get_style_transform_skew_y	24	static
../Drivers/lvgl/src/core/lv_obj_style_gen.h:1210:31:lv_obj_get_style_text_align	24	static
../Drivers/lvgl/src/core/lv_obj_style_gen.h:1440:24:lv_obj_get_style_opa	24	static
../Drivers/lvgl/src/core/lv_obj_style_gen.h:1455:24:lv_obj_get_style_opa_layered	24	static
../Drivers/lvgl/src/core/lv_obj_style_gen.h:1491:26:lv_obj_get_style_recolor	24	static
../Drivers/lvgl/src/core/lv_obj_style_gen.h:1506:24:lv_obj_get_style_recolor_opa	24	static
../Drivers/lvgl/src/core/lv_obj_style_gen.h:1560:31:lv_obj_get_style_blend_mode	24	static
../Drivers/lvgl/src/core/lv_obj_style_gen.h:1585:29:lv_obj_get_style_base_dir	24	static
../Drivers/lvgl/src/core/lv_obj_style_gen.h:1598:28:lv_obj_get_style_bitmap_mask_src	24	static
../Drivers/lvgl/src/core/lv_obj_style.c:94:6:lv_obj_style_init	8	static
../Drivers/lvgl/src/core/lv_obj_style.c:99:6:lv_obj_style_deinit	8	static
../Drivers/lvgl/src/core/lv_obj_style.c:108:6:lv_obj_add_style	40	static
../Drivers/lvgl/src/core/lv_obj_style.c:167:6:lv_obj_replace_style	48	static
../Drivers/lvgl/src/core/lv_obj_style.c:213:6:lv_obj_remove_style	24	static
../Drivers/lvgl/src/core/lv_obj_style.c:218:6:lv_obj_remove_theme	16	static
../Drivers/lvgl/src/core/lv_obj_style.c:223:6:lv_obj_remove_style_all	16	static
../Drivers/lvgl/src/core/lv_obj_style.c:228:6:lv_obj_report_style_change	24	static
../Drivers/lvgl/src/core/lv_obj_style.c:242:6:lv_obj_refresh_style	32	static
../Drivers/lvgl/src/core/lv_obj_style.c:290:6:lv_obj_style_set_disabled	32	static
../Drivers/lvgl/src/core/lv_obj_style.c:307:6:lv_obj_style_get_disabled	32	static
../Drivers/lvgl/src/core/lv_obj_style.c:321:6:lv_obj_enable_style_refresh	16	static
../Drivers/lvgl/src/core/lv_obj_style.c:326:18:lv_obj_get_style_prop	40	static
../Drivers/lvgl/src/core/lv_obj_style.c:340:6:lv_obj_has_style_prop	32	static
../Drivers/lvgl/src/core/lv_obj_style.c:353:6:lv_obj_set_local_style_prop	32	static
../Drivers/lvgl/src/core/lv_obj_style.c:382:16:lv_obj_get_local_style_prop	32	static
../Drivers/lvgl/src/core/lv_obj_style.c:396:6:lv_obj_remove_local_style_prop	32	static
../Drivers/lvgl/src/core/lv_obj_style.c:421:6:lv_obj_style_create_transition	144	static
../Drivers/lvgl/src/core/lv_obj_style.c:476:18:lv_obj_style_apply_color_filter	32	static
../Drivers/lvgl/src/core/lv_obj_style.c:493:22:lv_obj_style_state_compare	40	static
../Drivers/lvgl/src/core/lv_obj_style.c:554:6:lv_obj_fade_in	120	static
../Drivers/lvgl/src/core/lv_obj_style.c:567:6:lv_obj_fade_out	120	static
../Drivers/lvgl/src/core/lv_obj_style.c:579:17:lv_obj_calculate_style_text_align	32	static
../Drivers/lvgl/src/core/lv_obj_style.c:587:10:lv_obj_get_style_opa_recursive	24	static
../Drivers/lvgl/src/core/lv_obj_style.c:635:6:lv_obj_update_layer_type	24	static
../Drivers/lvgl/src/core/lv_obj_style.c:647:14:lv_obj_style_apply_recolor	40	static
../Drivers/lvgl/src/core/lv_obj_style.c:658:14:lv_obj_get_style_recolor_recursive	32	static
../Drivers/lvgl/src/core/lv_obj_style.c:755:21:get_local_style	32	static
../Drivers/lvgl/src/core/lv_obj_style.c:793:25:get_trans_style	32	static
../Drivers/lvgl/src/core/lv_obj_style.c:820:23:get_prop_core	72	static
../Drivers/lvgl/src/core/lv_obj_style.c:881:13:report_style_change_core	24	static
../Drivers/lvgl/src/core/lv_obj_style.c:903:13:refresh_children_style	32	static
../Drivers/lvgl/src/core/lv_obj_style.c:926:13:trans_delete	40	static
../Drivers/lvgl/src/core/lv_obj_style.c:960:13:trans_anim_cb	40	static
../Drivers/lvgl/src/core/lv_obj_style.c:1025:13:trans_anim_start_cb	40	static
../Drivers/lvgl/src/core/lv_obj_style.c:1048:13:trans_anim_completed_cb	48	static
../Drivers/lvgl/src/core/lv_obj_style.c:1086:24:calculate_layer_type	16	static
../Drivers/lvgl/src/core/lv_obj_style.c:1102:13:full_cache_refresh	16	static
../Drivers/lvgl/src/core/lv_obj_style.c:1155:13:fade_anim_cb	16	static
../Drivers/lvgl/src/core/lv_obj_style.c:1160:13:fade_in_anim_completed	16	static
../Drivers/lvgl/src/core/lv_obj_style.c:1165:13:style_has_flag	32	static
../Drivers/lvgl/src/core/lv_obj_style.c:1188:23:get_selector_style_prop	40	static
../Drivers/lvgl/src/core/lv_obj_style.c:1260:13:remove_style_core	56	static
