../Drivers/lvgl/src/core/lv_obj_tree.c:56:6:lv_obj_delete	32	static
../Drivers/lvgl/src/core/lv_obj_tree.c:94:6:lv_obj_clean	24	static
../Drivers/lvgl/src/core/lv_obj_tree.c:124:6:lv_obj_delete_delayed	112	static
../Drivers/lvgl/src/core/lv_obj_tree.c:136:6:lv_obj_delete_anim_completed_cb	16	static
../Drivers/lvgl/src/core/lv_obj_tree.c:141:6:lv_obj_delete_async	16	static
../Drivers/lvgl/src/core/lv_obj_tree.c:147:6:lv_obj_set_parent	16	static
../Drivers/lvgl/src/core/lv_obj_tree.c:195:6:lv_obj_move_to_index	32	static
../Drivers/lvgl/src/core/lv_obj_tree.c:244:6:lv_obj_swap	32	static
../Drivers/lvgl/src/core/lv_obj_tree.c:277:12:lv_obj_get_screen	24	static
../Drivers/lvgl/src/core/lv_obj_tree.c:292:16:lv_obj_get_display	32	static
../Drivers/lvgl/src/core/lv_obj_tree.c:314:12:lv_obj_get_parent	16	static
../Drivers/lvgl/src/core/lv_obj_tree.c:322:12:lv_obj_get_child	24	static
../Drivers/lvgl/src/core/lv_obj_tree.c:342:12:lv_obj_get_child_by_type	32	static
../Drivers/lvgl/src/core/lv_obj_tree.c:370:12:lv_obj_get_sibling	24	static
../Drivers/lvgl/src/core/lv_obj_tree.c:379:12:lv_obj_get_sibling_by_type	32	static
../Drivers/lvgl/src/core/lv_obj_tree.c:390:10:lv_obj_get_child_count	16	static
../Drivers/lvgl/src/core/lv_obj_tree.c:397:10:lv_obj_get_child_count_by_type	24	static
../Drivers/lvgl/src/core/lv_obj_tree.c:573:9:lv_obj_get_index	24	static
../Drivers/lvgl/src/core/lv_obj_tree.c:590:9:lv_obj_get_index_by_type	32	static
../Drivers/lvgl/src/core/lv_obj_tree.c:611:6:lv_obj_tree_walk	24	static
../Drivers/lvgl/src/core/lv_obj_tree.c:616:6:lv_obj_dump_tree	24	static
../Drivers/lvgl/src/core/lv_obj_tree.c:637:13:lv_obj_delete_async_cb	16	static
../Drivers/lvgl/src/core/lv_obj_tree.c:644:13:obj_indev_reset	16	static
../Drivers/lvgl/src/core/lv_obj_tree.c:658:13:obj_delete_core	56	static
../Drivers/lvgl/src/core/lv_obj_tree.c:740:31:walk_core	40	static
../Drivers/lvgl/src/core/lv_obj_tree.c:770:13:dump_tree_core	24	static
../Drivers/lvgl/src/core/lv_obj_tree.c:794:19:lv_obj_get_first_not_deleting_child	24	static
