../Drivers/lvgl/src/core/../misc/lv_area.h:107:20:lv_area_copy	16	static
../Drivers/lvgl/src/core/../misc/lv_style.h:569:24:lv_style_get_prop_group	24	static
../Drivers/lvgl/src/core/lv_obj_style.h:264:26:lv_obj_style_get_selector_state	16	static
../Drivers/lvgl/src/core/lv_obj_style_gen.h:30:23:lv_obj_get_style_width	24	static
../Drivers/lvgl/src/core/lv_obj_style_gen.h:43:23:lv_obj_get_style_min_width	24	static
../Drivers/lvgl/src/core/lv_obj_style_gen.h:56:23:lv_obj_get_style_max_width	24	static
../Drivers/lvgl/src/core/lv_obj_style_gen.h:69:23:lv_obj_get_style_height	24	static
../Drivers/lvgl/src/core/lv_obj_style_gen.h:82:23:lv_obj_get_style_min_height	24	static
../Drivers/lvgl/src/core/lv_obj_style_gen.h:95:23:lv_obj_get_style_max_height	24	static
../Drivers/lvgl/src/core/lv_obj_style_gen.h:122:23:lv_obj_get_style_x	24	static
../Drivers/lvgl/src/core/lv_obj_style_gen.h:136:23:lv_obj_get_style_y	24	static
../Drivers/lvgl/src/core/lv_obj_style_gen.h:153:26:lv_obj_get_style_align	24	static
../Drivers/lvgl/src/core/lv_obj_style_gen.h:193:23:lv_obj_get_style_translate_x	24	static
../Drivers/lvgl/src/core/lv_obj_style_gen.h:207:23:lv_obj_get_style_translate_y	24	static
../Drivers/lvgl/src/core/lv_obj_style_gen.h:233:23:lv_obj_get_style_transform_scale_x	24	static
../Drivers/lvgl/src/core/lv_obj_style_gen.h:246:23:lv_obj_get_style_transform_scale_y	24	static
../Drivers/lvgl/src/core/lv_obj_style_gen.h:258:23:lv_obj_get_style_transform_rotation	24	static
../Drivers/lvgl/src/core/lv_obj_style_gen.h:270:23:lv_obj_get_style_transform_pivot_x	24	static
../Drivers/lvgl/src/core/lv_obj_style_gen.h:282:23:lv_obj_get_style_transform_pivot_y	24	static
../Drivers/lvgl/src/core/lv_obj_style_gen.h:320:23:lv_obj_get_style_pad_top	24	static
../Drivers/lvgl/src/core/lv_obj_style_gen.h:332:23:lv_obj_get_style_pad_bottom	24	static
../Drivers/lvgl/src/core/lv_obj_style_gen.h:344:23:lv_obj_get_style_pad_left	24	static
../Drivers/lvgl/src/core/lv_obj_style_gen.h:356:23:lv_obj_get_style_pad_right	24	static
../Drivers/lvgl/src/core/lv_obj_style_gen.h:404:23:lv_obj_get_style_margin_top	24	static
../Drivers/lvgl/src/core/lv_obj_style_gen.h:416:23:lv_obj_get_style_margin_bottom	24	static
../Drivers/lvgl/src/core/lv_obj_style_gen.h:428:23:lv_obj_get_style_margin_left	24	static
../Drivers/lvgl/src/core/lv_obj_style_gen.h:440:23:lv_obj_get_style_margin_right	24	static
../Drivers/lvgl/src/core/lv_obj_style_gen.h:708:23:lv_obj_get_style_border_width	24	static
../Drivers/lvgl/src/core/lv_obj_style_gen.h:722:32:lv_obj_get_style_border_side	24	static
../Drivers/lvgl/src/core/lv_obj_style_gen.h:1573:24:lv_obj_get_style_layout	24	static
../Drivers/lvgl/src/core/lv_obj_style_gen.h:1585:29:lv_obj_get_style_base_dir	24	static
../Drivers/lvgl/src/core/lv_obj_style.h:336:23:lv_obj_get_style_space_left	32	static
../Drivers/lvgl/src/core/lv_obj_style.h:344:23:lv_obj_get_style_space_right	32	static
../Drivers/lvgl/src/core/lv_obj_style.h:352:23:lv_obj_get_style_space_top	32	static
../Drivers/lvgl/src/core/lv_obj_style.h:360:23:lv_obj_get_style_space_bottom	32	static
../Drivers/lvgl/src/core/lv_obj_style.h:370:23:lv_obj_get_style_transform_scale_x_safe	24	static
../Drivers/lvgl/src/core/lv_obj_style.h:376:23:lv_obj_get_style_transform_scale_y_safe	24	static
../Drivers/lvgl/src/core/lv_obj_pos.c:53:6:lv_obj_set_pos	24	static
../Drivers/lvgl/src/core/lv_obj_pos.c:61:6:lv_obj_set_x	24	static
../Drivers/lvgl/src/core/lv_obj_pos.c:75:6:lv_obj_set_y	24	static
../Drivers/lvgl/src/core/lv_obj_pos.c:101:16:calc_dynamic_width	48	static
../Drivers/lvgl/src/core/lv_obj_pos.c:127:9:lv_obj_calc_dynamic_width	16	static
../Drivers/lvgl/src/core/lv_obj_pos.c:144:16:calc_dynamic_height	48	static
../Drivers/lvgl/src/core/lv_obj_pos.c:170:9:lv_obj_calc_dynamic_height	16	static
../Drivers/lvgl/src/core/lv_obj_pos.c:175:6:lv_obj_refr_size	96	static
../Drivers/lvgl/src/core/lv_obj_pos.c:299:6:lv_obj_set_size	24	static
../Drivers/lvgl/src/core/lv_obj_pos.c:307:6:lv_obj_set_width	24	static
../Drivers/lvgl/src/core/lv_obj_pos.c:320:6:lv_obj_set_height	24	static
../Drivers/lvgl/src/core/lv_obj_pos.c:333:6:lv_obj_set_content_width	24	static
../Drivers/lvgl/src/core/lv_obj_pos.c:340:6:lv_obj_set_content_height	24	static
../Drivers/lvgl/src/core/lv_obj_pos.c:347:6:lv_obj_set_layout	16	static
../Drivers/lvgl/src/core/lv_obj_pos.c:356:6:lv_obj_is_layout_positioned	24	static
../Drivers/lvgl/src/core/lv_obj_pos.c:368:6:lv_obj_mark_layout_as_dirty	24	static
../Drivers/lvgl/src/core/lv_obj_pos.c:381:6:lv_obj_update_layout	24	static
../Drivers/lvgl/src/core/lv_obj_pos.c:405:6:lv_obj_set_align	16	static
../Drivers/lvgl/src/core/lv_obj_pos.c:410:6:lv_obj_align	24	static
../Drivers/lvgl/src/core/lv_obj_pos.c:416:6:lv_obj_align_to	64	static
../Drivers/lvgl/src/core/lv_obj_pos.c:566:6:lv_obj_get_coords	16	static
../Drivers/lvgl/src/core/lv_obj_pos.c:573:9:lv_obj_get_x	24	static
../Drivers/lvgl/src/core/lv_obj_pos.c:590:9:lv_obj_get_x2	24	static
../Drivers/lvgl/src/core/lv_obj_pos.c:597:9:lv_obj_get_y	24	static
../Drivers/lvgl/src/core/lv_obj_pos.c:614:9:lv_obj_get_y2	24	static
../Drivers/lvgl/src/core/lv_obj_pos.c:621:9:lv_obj_get_x_aligned	16	static
../Drivers/lvgl/src/core/lv_obj_pos.c:626:9:lv_obj_get_y_aligned	16	static
../Drivers/lvgl/src/core/lv_obj_pos.c:631:9:lv_obj_get_width	16	static
../Drivers/lvgl/src/core/lv_obj_pos.c:638:9:lv_obj_get_height	16	static
../Drivers/lvgl/src/core/lv_obj_pos.c:645:9:lv_obj_get_content_width	24	static
../Drivers/lvgl/src/core/lv_obj_pos.c:655:9:lv_obj_get_content_height	24	static
../Drivers/lvgl/src/core/lv_obj_pos.c:665:6:lv_obj_get_content_coords	16	static
../Drivers/lvgl/src/core/lv_obj_pos.c:677:9:lv_obj_get_self_width	24	static
../Drivers/lvgl/src/core/lv_obj_pos.c:684:9:lv_obj_get_self_height	24	static
../Drivers/lvgl/src/core/lv_obj_pos.c:691:9:lv_obj_get_style_clamped_width	32	static
../Drivers/lvgl/src/core/lv_obj_pos.c:711:9:lv_obj_get_style_clamped_height	32	static
../Drivers/lvgl/src/core/lv_obj_pos.c:731:6:lv_obj_is_style_any_width_content	32	static
../Drivers/lvgl/src/core/lv_obj_pos.c:741:6:lv_obj_is_style_any_height_content	32	static
../Drivers/lvgl/src/core/lv_obj_pos.c:751:6:lv_obj_is_width_min	24	static
../Drivers/lvgl/src/core/lv_obj_pos.c:760:6:lv_obj_is_height_min	24	static
../Drivers/lvgl/src/core/lv_obj_pos.c:769:6:lv_obj_is_width_max	24	static
../Drivers/lvgl/src/core/lv_obj_pos.c:778:6:lv_obj_is_height_max	24	static
../Drivers/lvgl/src/core/lv_obj_pos.c:787:6:lv_obj_refresh_self_size	24	static
../Drivers/lvgl/src/core/lv_obj_pos.c:806:6:lv_obj_refr_pos	64	static
../Drivers/lvgl/src/core/lv_obj_pos.c:915:6:lv_obj_move_to	88	static
../Drivers/lvgl/src/core/lv_obj_pos.c:984:6:lv_obj_move_children_by	40	static
../Drivers/lvgl/src/core/lv_obj_pos.c:1000:6:lv_obj_transform_point	24	static
../Drivers/lvgl/src/core/lv_obj_pos.c:1005:6:lv_obj_transform_point_array	32	static
../Drivers/lvgl/src/core/lv_obj_pos.c:1024:6:lv_obj_get_transformed_area	56	static
../Drivers/lvgl/src/core/lv_obj_pos.c:1046:31:blur_walk_cb	72	static
../Drivers/lvgl/src/core/lv_obj_pos.c:1113:13:lv_obj_invalidate_area	24	static
../Drivers/lvgl/src/core/lv_obj_pos.c:1124:13:lv_obj_invalidate	48	static
../Drivers/lvgl/src/core/lv_obj_pos.c:1145:6:lv_obj_area_is_visible	80	static
../Drivers/lvgl/src/core/lv_obj_pos.c:1197:6:lv_obj_is_visible	40	static
../Drivers/lvgl/src/core/lv_obj_pos.c:1212:6:lv_obj_set_ext_click_area	16	static
../Drivers/lvgl/src/core/lv_obj_pos.c:1222:6:lv_obj_get_click_area	16	static
../Drivers/lvgl/src/core/lv_obj_pos.c:1230:6:lv_obj_hit_test	48	static
../Drivers/lvgl/src/core/lv_obj_pos.c:1250:9:lv_clamp_width	24	static
../Drivers/lvgl/src/core/lv_obj_pos.c:1257:9:lv_clamp_height	24	static
../Drivers/lvgl/src/core/lv_obj_pos.c:1264:6:lv_obj_center	16	static
../Drivers/lvgl/src/core/lv_obj_pos.c:1269:6:lv_obj_set_transform	16	static
../Drivers/lvgl/src/core/lv_obj_pos.c:1306:6:lv_obj_reset_transform	16	static
../Drivers/lvgl/src/core/lv_obj_pos.c:1335:21:lv_obj_get_transform	16	static
../Drivers/lvgl/src/core/lv_obj_pos.c:1352:20:obj_invalidate_area_internal	56	static
../Drivers/lvgl/src/core/lv_obj_pos.c:1378:13:is_transformed	16	static
../Drivers/lvgl/src/core/lv_obj_pos.c:1387:16:calc_content_width	72	static
../Drivers/lvgl/src/core/lv_obj_pos.c:1497:16:calc_content_height	56	static
../Drivers/lvgl/src/core/lv_obj_pos.c:1565:13:layout_update_core	32	static
../Drivers/lvgl/src/core/lv_obj_pos.c:1590:13:transform_point_array	72	static
../Drivers/lvgl/src/core/lv_obj_pos.c:1649:20:invalidate_area_core	24	static
