../Drivers/lvgl/src/core/../misc/../font/../draw/../misc/lv_area.h:107:20:lv_area_copy	16	static
../Drivers/lvgl/src/core/../misc/../font/../draw/../misc/../stdlib/lv_string.h:73:20:lv_memzero	16	static
../Drivers/lvgl/src/core/../misc/lv_style.h:434:20:lv_style_is_const	16	static
../Drivers/lvgl/src/core/../misc/lv_style.h:529:30:lv_style_get_prop_inlined	48	static
../Drivers/lvgl/src/core/lv_obj_style.h:264:26:lv_obj_style_get_selector_state	16	static
../Drivers/lvgl/src/core/lv_obj_style.h:269:25:lv_obj_style_get_selector_part	16	static
../Drivers/lvgl/src/core/lv_obj_style_gen.h:153:26:lv_obj_get_style_align	24	static
../Drivers/lvgl/src/core/lv_obj_style_gen.h:166:23:lv_obj_get_style_transform_width	24	static
../Drivers/lvgl/src/core/lv_obj_style_gen.h:179:23:lv_obj_get_style_transform_height	24	static
../Drivers/lvgl/src/core/lv_obj_style_gen.h:320:23:lv_obj_get_style_pad_top	24	static
../Drivers/lvgl/src/core/lv_obj_style_gen.h:344:23:lv_obj_get_style_pad_left	24	static
../Drivers/lvgl/src/core/lv_obj_style_gen.h:452:26:lv_obj_get_style_bg_color	24	static
../Drivers/lvgl/src/core/lv_obj_style_gen.h:478:24:lv_obj_get_style_bg_opa	24	static
../Drivers/lvgl/src/core/lv_obj_style_gen.h:515:29:lv_obj_get_style_bg_grad_dir	24	static
../Drivers/lvgl/src/core/lv_obj_style_gen.h:553:24:lv_obj_get_style_bg_main_opa	24	static
../Drivers/lvgl/src/core/lv_obj_style_gen.h:565:24:lv_obj_get_style_bg_grad_opa	24	static
../Drivers/lvgl/src/core/lv_obj_style_gen.h:580:37:lv_obj_get_style_bg_grad	24	static
../Drivers/lvgl/src/core/lv_obj_style_gen.h:670:26:lv_obj_get_style_border_color	24	static
../Drivers/lvgl/src/core/lv_obj_style_gen.h:696:24:lv_obj_get_style_border_opa	24	static
../Drivers/lvgl/src/core/lv_obj_style_gen.h:708:23:lv_obj_get_style_border_width	24	static
../Drivers/lvgl/src/core/lv_obj_style_gen.h:735:20:lv_obj_get_style_border_post	24	static
../Drivers/lvgl/src/core/lv_obj_style_gen.h:809:23:lv_obj_get_style_shadow_width	24	static
../Drivers/lvgl/src/core/lv_obj_style_gen.h:846:23:lv_obj_get_style_shadow_spread	24	static
../Drivers/lvgl/src/core/lv_obj_style_gen.h:858:26:lv_obj_get_style_shadow_color	24	static
../Drivers/lvgl/src/core/lv_obj_style_gen.h:884:24:lv_obj_get_style_shadow_opa	24	static
../Drivers/lvgl/src/core/lv_obj_style_gen.h:1273:23:lv_obj_get_style_blur_radius	24	static
../Drivers/lvgl/src/core/lv_obj_style_gen.h:1287:20:lv_obj_get_style_blur_backdrop	24	static
../Drivers/lvgl/src/core/lv_obj_style_gen.h:1401:23:lv_obj_get_style_radius	24	static
../Drivers/lvgl/src/core/lv_obj_style_gen.h:1426:20:lv_obj_get_style_clip_corner	24	static
../Drivers/lvgl/src/core/lv_obj_style_gen.h:1440:24:lv_obj_get_style_opa	24	static
../Drivers/lvgl/src/core/lv_obj_style_gen.h:1573:24:lv_obj_get_style_layout	24	static
../Drivers/lvgl/src/core/lv_obj.c:235:12:lv_obj_create	24	static
../Drivers/lvgl/src/core/lv_obj.c:253:6:lv_obj_add_flag	64	static
../Drivers/lvgl/src/core/lv_obj.c:292:6:lv_obj_remove_flag	56	static
../Drivers/lvgl/src/core/lv_obj.c:320:6:lv_obj_set_flag	24	static
../Drivers/lvgl/src/core/lv_obj.c:326:6:lv_obj_add_state	24	static
../Drivers/lvgl/src/core/lv_obj.c:339:6:lv_obj_remove_state	24	static
../Drivers/lvgl/src/core/lv_obj.c:352:6:lv_obj_set_state	16	static
../Drivers/lvgl/src/core/lv_obj.c:358:6:lv_obj_set_radio_button	16	static
../Drivers/lvgl/src/core/lv_obj.c:368:6:lv_obj_has_flag	16	static
../Drivers/lvgl/src/core/lv_obj.c:375:6:lv_obj_has_flag_any	16	static
../Drivers/lvgl/src/core/lv_obj.c:382:12:lv_obj_get_state	16	static
../Drivers/lvgl/src/core/lv_obj.c:389:6:lv_obj_has_state	16	static
../Drivers/lvgl/src/core/lv_obj.c:396:6:lv_obj_is_radio_button	16	static
../Drivers/lvgl/src/core/lv_obj.c:402:14:lv_obj_get_group	16	static
../Drivers/lvgl/src/core/lv_obj.c:414:13:lv_obj_add_child	24	static
../Drivers/lvgl/src/core/lv_obj.c:432:6:lv_obj_remove_child	32	static
../Drivers/lvgl/src/core/lv_obj.c:455:22:lv_obj_allocate_spec_attr	24	static
../Drivers/lvgl/src/core/lv_obj.c:475:6:lv_obj_check_type	16	static
../Drivers/lvgl/src/core/lv_obj.c:481:6:lv_obj_has_class	24	static
../Drivers/lvgl/src/core/lv_obj.c:492:24:lv_obj_get_class	16	static
../Drivers/lvgl/src/core/lv_obj.c:497:6:lv_obj_is_valid	32	static
../Drivers/lvgl/src/core/lv_obj.c:514:6:lv_obj_null_on_delete	16	static
../Drivers/lvgl/src/core/lv_obj.c:551:6:lv_obj_add_screen_load_event	32	static
../Drivers/lvgl/src/core/lv_obj.c:571:6:lv_obj_add_screen_create_event	32	static
../Drivers/lvgl/src/core/lv_obj.c:586:6:lv_obj_add_play_timeline_event	32	static
../Drivers/lvgl/src/core/lv_obj.c:600:6:lv_obj_set_user_data	16	static
../Drivers/lvgl/src/core/lv_obj.c:605:8:lv_obj_get_user_data	16	static
../Drivers/lvgl/src/core/lv_obj.c:614:13:lv_obj_constructor	40	static
../Drivers/lvgl/src/core/lv_obj.c:649:13:lv_obj_destructor	24	static
../Drivers/lvgl/src/core/lv_obj.c:696:13:lv_obj_draw	368	static
../Drivers/lvgl/src/core/lv_obj.c:828:13:draw_scrollbar	264	static
../Drivers/lvgl/src/core/lv_obj.c:874:20:scrollbar_init_draw_dsc	32	static
../Drivers/lvgl/src/core/lv_obj.c:922:13:lv_obj_event	168	static
../Drivers/lvgl/src/core/lv_obj.c:1121:13:update_obj_state	88	static
../Drivers/lvgl/src/core/lv_obj.c:1219:13:lv_obj_children_add_state	32	static
../Drivers/lvgl/src/core/lv_obj.c:1236:13:lv_obj_children_remove_state	32	static
../Drivers/lvgl/src/core/lv_obj.c:1248:13:obj_valid_child	32	static
../Drivers/lvgl/src/core/lv_obj.c:1269:13:null_on_delete_cb	24	static
../Drivers/lvgl/src/core/lv_obj.c:1275:13:screen_load_on_trigger_event_cb	40	static
../Drivers/lvgl/src/core/lv_obj.c:1282:13:screen_create_on_trigger_event_cb	32	static
../Drivers/lvgl/src/core/lv_obj.c:1292:13:play_timeline_on_trigger_event_cb	24	static
../Drivers/lvgl/src/core/lv_obj.c:1325:13:delete_on_screen_unloaded_event_cb	16	static
