../Drivers/lvgl/src/core/lv_obj_style_gen.h:166:23:lv_obj_get_style_transform_width	24	static
../Drivers/lvgl/src/core/lv_obj_style_gen.h:179:23:lv_obj_get_style_transform_height	24	static
../Drivers/lvgl/src/core/lv_obj_style_gen.h:464:26:lv_obj_get_style_bg_color_filtered	32	static
../Drivers/lvgl/src/core/lv_obj_style_gen.h:478:24:lv_obj_get_style_bg_opa	24	static
../Drivers/lvgl/src/core/lv_obj_style_gen.h:502:26:lv_obj_get_style_bg_grad_color_filtered	32	static
../Drivers/lvgl/src/core/lv_obj_style_gen.h:515:29:lv_obj_get_style_bg_grad_dir	24	static
../Drivers/lvgl/src/core/lv_obj_style_gen.h:528:23:lv_obj_get_style_bg_main_stop	24	static
../Drivers/lvgl/src/core/lv_obj_style_gen.h:541:23:lv_obj_get_style_bg_grad_stop	24	static
../Drivers/lvgl/src/core/lv_obj_style_gen.h:553:24:lv_obj_get_style_bg_main_opa	24	static
../Drivers/lvgl/src/core/lv_obj_style_gen.h:565:24:lv_obj_get_style_bg_grad_opa	24	static
../Drivers/lvgl/src/core/lv_obj_style_gen.h:580:37:lv_obj_get_style_bg_grad	24	static
../Drivers/lvgl/src/core/lv_obj_style_gen.h:593:28:lv_obj_get_style_bg_image_src	24	static
../Drivers/lvgl/src/core/lv_obj_style_gen.h:607:24:lv_obj_get_style_bg_image_opa	24	static
../Drivers/lvgl/src/core/lv_obj_style_gen.h:631:26:lv_obj_get_style_bg_image_recolor_filtered	32	static
../Drivers/lvgl/src/core/lv_obj_style_gen.h:646:24:lv_obj_get_style_bg_image_recolor_opa	24	static
../Drivers/lvgl/src/core/lv_obj_style_gen.h:658:20:lv_obj_get_style_bg_image_tiled	24	static
../Drivers/lvgl/src/core/lv_obj_style_gen.h:682:26:lv_obj_get_style_border_color_filtered	32	static
../Drivers/lvgl/src/core/lv_obj_style_gen.h:696:24:lv_obj_get_style_border_opa	24	static
../Drivers/lvgl/src/core/lv_obj_style_gen.h:708:23:lv_obj_get_style_border_width	24	static
../Drivers/lvgl/src/core/lv_obj_style_gen.h:722:32:lv_obj_get_style_border_side	24	static
../Drivers/lvgl/src/core/lv_obj_style_gen.h:747:23:lv_obj_get_style_outline_width	24	static
../Drivers/lvgl/src/core/lv_obj_style_gen.h:771:26:lv_obj_get_style_outline_color_filtered	32	static
../Drivers/lvgl/src/core/lv_obj_style_gen.h:785:24:lv_obj_get_style_outline_opa	24	static
../Drivers/lvgl/src/core/lv_obj_style_gen.h:797:23:lv_obj_get_style_outline_pad	24	static
../Drivers/lvgl/src/core/lv_obj_style_gen.h:809:23:lv_obj_get_style_shadow_width	24	static
../Drivers/lvgl/src/core/lv_obj_style_gen.h:821:23:lv_obj_get_style_shadow_offset_x	24	static
../Drivers/lvgl/src/core/lv_obj_style_gen.h:833:23:lv_obj_get_style_shadow_offset_y	24	static
../Drivers/lvgl/src/core/lv_obj_style_gen.h:846:23:lv_obj_get_style_shadow_spread	24	static
../Drivers/lvgl/src/core/lv_obj_style_gen.h:870:26:lv_obj_get_style_shadow_color_filtered	32	static
../Drivers/lvgl/src/core/lv_obj_style_gen.h:884:24:lv_obj_get_style_shadow_opa	24	static
../Drivers/lvgl/src/core/lv_obj_style_gen.h:898:24:lv_obj_get_style_image_opa	24	static
../Drivers/lvgl/src/core/lv_obj_style_gen.h:922:26:lv_obj_get_style_image_recolor_filtered	32	static
../Drivers/lvgl/src/core/lv_obj_style_gen.h:936:24:lv_obj_get_style_image_recolor_opa	24	static
../Drivers/lvgl/src/core/lv_obj_style_gen.h:950:43:lv_obj_get_style_image_colorkey	24	static
../Drivers/lvgl/src/core/lv_obj_style_gen.h:962:23:lv_obj_get_style_line_width	24	static
../Drivers/lvgl/src/core/lv_obj_style_gen.h:974:23:lv_obj_get_style_line_dash_width	24	static
../Drivers/lvgl/src/core/lv_obj_style_gen.h:987:23:lv_obj_get_style_line_dash_gap	24	static
../Drivers/lvgl/src/core/lv_obj_style_gen.h:999:20:lv_obj_get_style_line_rounded	24	static
../Drivers/lvgl/src/core/lv_obj_style_gen.h:1023:26:lv_obj_get_style_line_color_filtered	32	static
../Drivers/lvgl/src/core/lv_obj_style_gen.h:1035:24:lv_obj_get_style_line_opa	24	static
../Drivers/lvgl/src/core/lv_obj_style_gen.h:1047:23:lv_obj_get_style_arc_width	24	static
../Drivers/lvgl/src/core/lv_obj_style_gen.h:1059:20:lv_obj_get_style_arc_rounded	24	static
../Drivers/lvgl/src/core/lv_obj_style_gen.h:1083:26:lv_obj_get_style_arc_color_filtered	32	static
../Drivers/lvgl/src/core/lv_obj_style_gen.h:1095:24:lv_obj_get_style_arc_opa	24	static
../Drivers/lvgl/src/core/lv_obj_style_gen.h:1108:28:lv_obj_get_style_arc_image_src	24	static
../Drivers/lvgl/src/core/lv_obj_style_gen.h:1132:26:lv_obj_get_style_text_color_filtered	32	static
../Drivers/lvgl/src/core/lv_obj_style_gen.h:1146:24:lv_obj_get_style_text_opa	24	static
../Drivers/lvgl/src/core/lv_obj_style_gen.h:1158:33:lv_obj_get_style_text_font	24	static
../Drivers/lvgl/src/core/lv_obj_style_gen.h:1170:23:lv_obj_get_style_text_letter_space	24	static
../Drivers/lvgl/src/core/lv_obj_style_gen.h:1182:23:lv_obj_get_style_text_line_space	24	static
../Drivers/lvgl/src/core/lv_obj_style_gen.h:1195:31:lv_obj_get_style_text_decor	24	static
../Drivers/lvgl/src/core/lv_obj_style_gen.h:1210:31:lv_obj_get_style_text_align	24	static
../Drivers/lvgl/src/core/lv_obj_style_gen.h:1273:23:lv_obj_get_style_blur_radius	24	static
../Drivers/lvgl/src/core/lv_obj_style_gen.h:1301:33:lv_obj_get_style_blur_quality	24	static
../Drivers/lvgl/src/core/lv_obj_style_gen.h:1314:23:lv_obj_get_style_drop_shadow_radius	24	static
../Drivers/lvgl/src/core/lv_obj_style_gen.h:1326:23:lv_obj_get_style_drop_shadow_offset_x	24	static
../Drivers/lvgl/src/core/lv_obj_style_gen.h:1338:23:lv_obj_get_style_drop_shadow_offset_y	24	static
../Drivers/lvgl/src/core/lv_obj_style_gen.h:1350:26:lv_obj_get_style_drop_shadow_color	24	static
../Drivers/lvgl/src/core/lv_obj_style_gen.h:1374:24:lv_obj_get_style_drop_shadow_opa	24	static
../Drivers/lvgl/src/core/lv_obj_style_gen.h:1388:33:lv_obj_get_style_drop_shadow_quality	24	static
../Drivers/lvgl/src/core/lv_obj_style_gen.h:1401:23:lv_obj_get_style_radius	24	static
../Drivers/lvgl/src/core/lv_obj_style_gen.h:1440:24:lv_obj_get_style_opa	24	static
../Drivers/lvgl/src/core/lv_obj_style_gen.h:1560:31:lv_obj_get_style_blend_mode	24	static
../Drivers/lvgl/src/core/lv_obj_draw.c:49:6:lv_obj_init_draw_rect_dsc	80	static
../Drivers/lvgl/src/core/lv_obj_draw.c:171:6:lv_obj_init_draw_label_dsc	40	static
../Drivers/lvgl/src/core/lv_obj_draw.c:212:6:lv_obj_init_draw_image_dsc	56	static
../Drivers/lvgl/src/core/lv_obj_draw.c:254:6:lv_obj_init_draw_line_dsc	40	static
../Drivers/lvgl/src/core/lv_obj_draw.c:297:6:lv_obj_init_draw_arc_dsc	40	static
../Drivers/lvgl/src/core/lv_obj_draw.c:335:6:lv_obj_init_draw_blur_dsc	24	static
../Drivers/lvgl/src/core/lv_obj_draw.c:353:9:lv_obj_calculate_ext_draw_size	72	static
../Drivers/lvgl/src/core/lv_obj_draw.c:398:6:lv_obj_refresh_ext_draw_size	24	static
../Drivers/lvgl/src/core/lv_obj_draw.c:425:9:lv_obj_get_ext_draw_size	16	static
../Drivers/lvgl/src/core/lv_obj_draw.c:431:17:lv_obj_get_layer_type	16	static
../Drivers/lvgl/src/core/lv_obj_draw.c:442:24:get_layer_opa	32	static
../Drivers/lvgl/src/core/lv_obj_draw.c:458:19:normal_apply_layer_recolor	40	static
../Drivers/lvgl/src/core/lv_obj_draw.c:477:21:image_apply_layer_recolor	40	static
../Drivers/lvgl/src/core/lv_obj_draw.c:503:13:drop_shadow_init	32	static
