../Drivers/lvgl/src/core/lv_obj_event.c:49:13:lv_obj_send_event	56	static
../Drivers/lvgl/src/core/lv_obj_event.c:77:13:lv_obj_event_base	24	static
../Drivers/lvgl/src/core/lv_obj_event.c:102:18:lv_obj_add_event_cb	24	static
../Drivers/lvgl/src/core/lv_obj_event.c:112:10:lv_obj_get_event_count	16	static
../Drivers/lvgl/src/core/lv_obj_event.c:119:18:lv_obj_get_event_dsc	16	static
../Drivers/lvgl/src/core/lv_obj_event.c:126:6:lv_obj_remove_event	16	static
../Drivers/lvgl/src/core/lv_obj_event.c:133:6:lv_obj_remove_event_dsc	16	static
../Drivers/lvgl/src/core/lv_obj_event.c:141:10:lv_obj_remove_event_cb	32	static
../Drivers/lvgl/src/core/lv_obj_event.c:162:10:lv_obj_remove_event_cb_with_user_data	40	static
../Drivers/lvgl/src/core/lv_obj_event.c:183:12:lv_event_get_current_target_obj	16	static
../Drivers/lvgl/src/core/lv_obj_event.c:188:12:lv_event_get_target_obj	16	static
../Drivers/lvgl/src/core/lv_obj_event.c:193:14:lv_event_get_indev	16	static
../Drivers/lvgl/src/core/lv_obj_event.c:222:14:lv_event_get_layer	16	static
../Drivers/lvgl/src/core/lv_obj_event.c:238:19:lv_event_get_old_size	16	static
../Drivers/lvgl/src/core/lv_obj_event.c:249:10:lv_event_get_key	24	static
../Drivers/lvgl/src/core/lv_obj_event.c:262:9:lv_event_get_rotary_diff	24	static
../Drivers/lvgl/src/core/lv_obj_event.c:275:13:lv_event_get_scroll_anim	16	static
../Drivers/lvgl/src/core/lv_obj_event.c:286:6:lv_event_set_ext_draw_size	24	static
../Drivers/lvgl/src/core/lv_obj_event.c:297:14:lv_event_get_self_size_info	16	static
../Drivers/lvgl/src/core/lv_obj_event.c:308:22:lv_event_get_hit_test_info	16	static
../Drivers/lvgl/src/core/lv_obj_event.c:319:19:lv_event_get_cover_area	24	static
../Drivers/lvgl/src/core/lv_obj_event.c:331:6:lv_event_set_cover_res	24	static
../Drivers/lvgl/src/core/lv_obj_event.c:342:18:lv_event_get_draw_task	16	static
../Drivers/lvgl/src/core/lv_obj_event.c:353:12:lv_event_get_prev_state	24	static
../Drivers/lvgl/src/core/lv_obj_event.c:369:20:event_send_core	48	static
../Drivers/lvgl/src/core/lv_obj_event.c:422:13:event_is_bubbled	16	static
../Drivers/lvgl/src/core/lv_obj_event.c:463:13:event_is_trickled	16	static
