../Drivers/lvgl/src/core/../misc/../font/../draw/../misc/lv_area.h:107:20:lv_area_copy	16	static
../Drivers/lvgl/src/core/../misc/../font/../draw/../misc/../stdlib/lv_string.h:73:20:lv_memzero	16	static
../Drivers/lvgl/src/core/lv_obj_style_gen.h:233:23:lv_obj_get_style_transform_scale_x	24	static
../Drivers/lvgl/src/core/lv_obj_style_gen.h:246:23:lv_obj_get_style_transform_scale_y	24	static
../Drivers/lvgl/src/core/lv_obj_style_gen.h:258:23:lv_obj_get_style_transform_rotation	24	static
../Drivers/lvgl/src/core/lv_obj_style_gen.h:270:23:lv_obj_get_style_transform_pivot_x	24	static
../Drivers/lvgl/src/core/lv_obj_style_gen.h:282:23:lv_obj_get_style_transform_pivot_y	24	static
../Drivers/lvgl/src/core/lv_obj_style_gen.h:295:23:lv_obj_get_style_transform_skew_x	24	static
../Drivers/lvgl/src/core/lv_obj_style_gen.h:308:23:lv_obj_get_style_transform_skew_y	24	static
../Drivers/lvgl/src/core/lv_obj_style_gen.h:1401:23:lv_obj_get_style_radius	24	static
../Drivers/lvgl/src/core/lv_obj_style_gen.h:1426:20:lv_obj_get_style_clip_corner	24	static
../Drivers/lvgl/src/core/lv_obj_style_gen.h:1440:24:lv_obj_get_style_opa	24	static
../Drivers/lvgl/src/core/lv_obj_style_gen.h:1455:24:lv_obj_get_style_opa_layered	24	static
../Drivers/lvgl/src/core/lv_obj_style_gen.h:1560:31:lv_obj_get_style_blend_mode	24	static
../Drivers/lvgl/src/core/lv_obj_style_gen.h:1598:28:lv_obj_get_style_bitmap_mask_src	24	static
../Drivers/lvgl/src/core/lv_refr.c:81:6:lv_refr_init	4	static
../Drivers/lvgl/src/core/lv_refr.c:85:6:lv_refr_deinit	4	static
../Drivers/lvgl/src/core/lv_refr.c:89:6:lv_refr_now	24	static
../Drivers/lvgl/src/core/lv_refr.c:106:6:lv_obj_redraw	384	static
../Drivers/lvgl/src/core/lv_refr.c:271:13:lv_inv_area	72	static
../Drivers/lvgl/src/core/lv_refr.c:350:16:lv_refr_get_disp_refreshing	4	static
../Drivers/lvgl/src/core/lv_refr.c:359:6:lv_refr_set_disp_refreshing	16	static
../Drivers/lvgl/src/core/lv_refr.c:364:6:lv_display_refr_timer	40	static
../Drivers/lvgl/src/core/lv_refr.c:460:12:lv_refr_get_top_obj	40	static
../Drivers/lvgl/src/core/lv_refr.c:497:6:lv_obj_refr	256	static
../Drivers/lvgl/src/core/lv_refr.c:621:13:lv_refr_join_area	40	static
../Drivers/lvgl/src/core/lv_refr.c:660:13:refr_sync_areas	144	static
../Drivers/lvgl/src/core/lv_refr.c:779:13:refr_invalid_areas	80	static
../Drivers/lvgl/src/core/lv_refr.c:862:13:layer_reshape_draw_buf	48	static
../Drivers/lvgl/src/core/lv_refr.c:878:13:refr_area	96	static
../Drivers/lvgl/src/core/lv_refr.c:989:13:refr_configured_layer	48	static
../Drivers/lvgl/src/core/lv_refr.c:1112:13:refr_obj_and_children	48	static
../Drivers/lvgl/src/core/lv_refr.c:1165:20:layer_get_area	104	static
../Drivers/lvgl/src/core/lv_refr.c:1209:13:alpha_test_area_on_obj	24	static
../Drivers/lvgl/src/core/lv_refr.c:1348:17:get_max_row	64	static
../Drivers/lvgl/src/core/lv_refr.c:1396:13:draw_buf_flush	24	static
../Drivers/lvgl/src/core/lv_refr.c:1438:13:call_flush_cb	40	static
../Drivers/lvgl/src/core/lv_refr.c:1464:13:wait_for_flushing	16	static
../Drivers/lvgl/src/core/lv_refr.c:1488:13:call_sync_cb	40	static
../Drivers/lvgl/src/core/lv_refr.c:1512:13:wait_for_syncing	16	static
