../Drivers/lvgl/src/draw/sw/../../misc/lv_area.h:107:20:lv_area_copy	16	static
../Drivers/lvgl/src/draw/sw/blend/../../../misc/../stdlib/lv_string.h:73:20:lv_memzero	16	static
../Drivers/lvgl/src/draw/sw/blend/../../../misc/lv_color.h:338:20:lv_color_is_in_range	24	static
../Drivers/lvgl/src/draw/sw/blend/../../../misc/lv_color.h:353:26:lv_color16_to_color	24	static
../Drivers/lvgl/src/draw/sw/blend/../../../misc/lv_color.h:476:46:lv_color_swap_16	16	static
../Drivers/lvgl/src/draw/sw/lv_draw_sw_img.c:107:6:lv_draw_sw_layer	160	static
../Drivers/lvgl/src/draw/sw/lv_draw_sw_img.c:204:6:lv_draw_sw_image	32	static
../Drivers/lvgl/src/draw/sw/lv_draw_sw_img.c:219:13:img_draw_core	128	static
../Drivers/lvgl/src/draw/sw/lv_draw_sw_img.c:314:13:radius_only	200	static
../Drivers/lvgl/src/draw/sw/lv_draw_sw_img.c:395:13:recolor_only	176	static
../Drivers/lvgl/src/draw/sw/lv_draw_sw_img.c:464:13:transform_and_recolor	216	static
../Drivers/lvgl/src/draw/sw/lv_draw_sw_img.c:599:13:colorkey_and_recolor	176	static
../Drivers/lvgl/src/draw/sw/lv_draw_sw_img.c:792:13:recolor	192	static
../Drivers/lvgl/src/draw/sw/lv_draw_sw_img.c:973:13:apply_mask	216	static
