../Drivers/lvgl/src/widgets/imagebutton/../../core/../misc/../font/../draw/../misc/lv_area.h:107:20:lv_area_copy	16	static
../Drivers/lvgl/src/widgets/imagebutton/../../core/../misc/../font/../draw/../misc/../stdlib/lv_string.h:73:20:lv_memzero	16	static
../Drivers/lvgl/src/widgets/imagebutton/../../core/lv_obj_style_gen.h:166:23:lv_obj_get_style_transform_width	24	static
../Drivers/lvgl/src/widgets/imagebutton/../../core/lv_obj_style_gen.h:179:23:lv_obj_get_style_transform_height	24	static
../Drivers/lvgl/src/widgets/imagebutton/lv_imagebutton.c:63:12:lv_imagebutton_create	24	static
../Drivers/lvgl/src/widgets/imagebutton/lv_imagebutton.c:75:6:lv_imagebutton_set_src	32	static
../Drivers/lvgl/src/widgets/imagebutton/lv_imagebutton.c:93:6:lv_imagebutton_set_src_left	32	static
../Drivers/lvgl/src/widgets/imagebutton/lv_imagebutton.c:102:6:lv_imagebutton_set_src_right	32	static
../Drivers/lvgl/src/widgets/imagebutton/lv_imagebutton.c:111:6:lv_imagebutton_set_src_mid	32	static
../Drivers/lvgl/src/widgets/imagebutton/lv_imagebutton.c:120:6:lv_imagebutton_set_state	24	static
../Drivers/lvgl/src/widgets/imagebutton/lv_imagebutton.c:144:14:lv_imagebutton_get_src_left	24	static
../Drivers/lvgl/src/widgets/imagebutton/lv_imagebutton.c:153:14:lv_imagebutton_get_src_middle	24	static
../Drivers/lvgl/src/widgets/imagebutton/lv_imagebutton.c:161:14:lv_imagebutton_get_src_right	24	static
../Drivers/lvgl/src/widgets/imagebutton/lv_imagebutton.c:173:13:lv_imagebutton_constructor	24	static
../Drivers/lvgl/src/widgets/imagebutton/lv_imagebutton.c:184:13:lv_imagebutton_event	48	static
../Drivers/lvgl/src/widgets/imagebutton/lv_imagebutton.c:215:13:draw_main	248	static
../Drivers/lvgl/src/widgets/imagebutton/lv_imagebutton.c:283:13:refr_image	32	static
../Drivers/lvgl/src/widgets/imagebutton/lv_imagebutton.c:304:31:suggest_state	24	static
../Drivers/lvgl/src/widgets/imagebutton/lv_imagebutton.c:335:31:get_state	24	static
../Drivers/lvgl/src/widgets/imagebutton/lv_imagebutton.c:356:13:update_src_info	24	static
