../Drivers/lvgl/src/misc/../font/../draw/../misc/../stdlib/lv_string.h:73:20:lv_memzero	16	static
../Drivers/lvgl/src/misc/lv_style.h:434:20:lv_style_is_const	16	static
../Drivers/lvgl/src/misc/lv_style.h:529:30:lv_style_get_prop_inlined	48	static
../Drivers/lvgl/src/misc/lv_style.h:569:24:lv_style_get_prop_group	24	static
../Drivers/lvgl/src/misc/lv_style.c:184:6:lv_style_init	16	static
../Drivers/lvgl/src/misc/lv_style.c:198:6:lv_style_reset	16	static
../Drivers/lvgl/src/misc/lv_style.c:210:6:lv_style_copy	16	static
../Drivers/lvgl/src/misc/lv_style.c:222:6:lv_style_merge	32	static
../Drivers/lvgl/src/misc/lv_style.c:256:17:lv_style_register_prop	32	static
../Drivers/lvgl/src/misc/lv_style.c:287:17:lv_style_get_num_custom_props	4	static
../Drivers/lvgl/src/misc/lv_style.c:292:6:lv_style_remove_prop	56	static
../Drivers/lvgl/src/misc/lv_style.c:345:6:lv_style_set_prop	56	static
../Drivers/lvgl/src/misc/lv_style.c:400:16:lv_style_get_prop	24	static
../Drivers/lvgl/src/misc/lv_style.c:405:6:lv_style_transition_dsc_init	24	static
../Drivers/lvgl/src/misc/lv_style.c:416:18:lv_style_prop_get_default	72	static
../Drivers/lvgl/src/misc/lv_style.c:499:6:lv_style_is_empty	16	static
../Drivers/lvgl/src/misc/lv_style.c:506:9:lv_style_prop_lookup_flags	16	static
