../Core/Src/lcd.c:25:6:TP_Get_Coordinates	32	static
../Core/Src/lcd.c:42:13:TP_Write_Byte	24	static
../Core/Src/lcd.c:63:17:TP_Read_Byte	16	static
../Core/Src/lcd.c:83:10:TP_Get_X	8	static
../Core/Src/lcd.c:91:10:TP_Get_Y	8	static
../Core/Src/lcd.c:99:9:TP_IsTouched	16	static
../Core/Src/lcd.c:126:6:Delay	16	static
../Core/Src/lcd.c:128:6:LCD_INIT	16	static
../Core/Src/lcd.c:138:6:LCD_Rst	8	static
../Core/Src/lcd.c:147:6:LCD_BackLed_Control	16	static
../Core/Src/lcd.c:158:6:LCD_Write_Cmd	16	static
../Core/Src/lcd.c:166:6:LCD_Write_Data	16	static
../Core/Src/lcd.c:174:10:LCD_Read_Data	4	static
../Core/Src/lcd.c:180:6:LCD_REG_Config	8	static
../Core/Src/lcd.c:344:6:LCD_OpenWindow	24	static
../Core/Src/lcd.c:361:6:LCD_FillColor	24	static
../Core/Src/lcd.c:376:6:LCD_Clear	24	static
../Core/Src/lcd.c:385:10:LCD_Read_PixelData	16	static
../Core/Src/lcd.c:405:10:LCD_GetPointPixel	24	static
../Core/Src/lcd.c:419:6:LCD_DrawLine	64	static
../Core/Src/lcd.c:491:6:LCD_DrawChar	24	static
../Core/Src/lcd.c:525:6:LCD_DrawString	16	static
../Core/Src/lcd.c:553:6:LCD_DrawDot	16	static
../Core/Src/lcd.c:563:6:LCD_DrawEllipse	56	static
../Core/Src/lcd.c:608:6:LCD_DrawColorBuffer	32	static
