../Core/Src/stm32f1xx_hal_msp.c:63:6:HAL_MspInit	24	static
../Core/Src/stm32f1xx_hal_msp.c:89:6:HAL_RTC_MspInit	24	static
../Core/Src/stm32f1xx_hal_msp.c:114:6:HAL_RTC_MspDeInit	16	static
../Core/Src/stm32f1xx_hal_msp.c:136:6:HAL_TIM_Base_MspInit	24	static
../Core/Src/stm32f1xx_hal_msp.c:158:6:HAL_TIM_Base_MspDeInit	16	static
../Core/Src/stm32f1xx_hal_msp.c:180:6:HAL_UART_MspInit	40	static
../Core/Src/stm32f1xx_hal_msp.c:219:6:HAL_UART_MspDeInit	16	static
../Core/Src/stm32f1xx_hal_msp.c:244:13:HAL_FSMC_MspInit	32	static
../Core/Src/stm32f1xx_hal_msp.c:298:6:HAL_SRAM_MspInit	16	static
../Core/Src/stm32f1xx_hal_msp.c:310:13:HAL_FSMC_MspDeInit	8	static
../Core/Src/stm32f1xx_hal_msp.c:356:6:HAL_SRAM_MspDeInit	16	static
