../Drivers/lvgl/src/widgets/dropdown/../../core/lv_obj_style_gen.h:258:23:lv_obj_get_style_transform_rotation	24	static
../Drivers/lvgl/src/widgets/dropdown/../../core/lv_obj_style_gen.h:320:23:lv_obj_get_style_pad_top	24	static
../Drivers/lvgl/src/widgets/dropdown/../../core/lv_obj_style_gen.h:332:23:lv_obj_get_style_pad_bottom	24	static
../Drivers/lvgl/src/widgets/dropdown/../../core/lv_obj_style_gen.h:344:23:lv_obj_get_style_pad_left	24	static
../Drivers/lvgl/src/widgets/dropdown/../../core/lv_obj_style_gen.h:356:23:lv_obj_get_style_pad_right	24	static
../Drivers/lvgl/src/widgets/dropdown/../../core/lv_obj_style_gen.h:380:23:lv_obj_get_style_pad_column	24	static
../Drivers/lvgl/src/widgets/dropdown/../../core/lv_obj_style_gen.h:708:23:lv_obj_get_style_border_width	24	static
../Drivers/lvgl/src/widgets/dropdown/../../core/lv_obj_style_gen.h:1158:33:lv_obj_get_style_text_font	24	static
../Drivers/lvgl/src/widgets/dropdown/../../core/lv_obj_style_gen.h:1182:23:lv_obj_get_style_text_line_space	24	static
../Drivers/lvgl/src/widgets/dropdown/../../core/lv_obj_style_gen.h:1585:29:lv_obj_get_style_base_dir	24	static
../Drivers/lvgl/src/widgets/dropdown/lv_dropdown.c:153:12:lv_dropdown_create	24	static
../Drivers/lvgl/src/widgets/dropdown/lv_dropdown.c:165:6:lv_dropdown_set_text	24	static
../Drivers/lvgl/src/widgets/dropdown/lv_dropdown.c:186:6:lv_dropdown_set_text_static	24	static
../Drivers/lvgl/src/widgets/dropdown/lv_dropdown.c:203:6:lv_dropdown_set_options	32	static
../Drivers/lvgl/src/widgets/dropdown/lv_dropdown.c:251:6:lv_dropdown_set_options_static	24	static
../Drivers/lvgl/src/widgets/dropdown/lv_dropdown.c:281:6:lv_dropdown_add_option	64	static
../Drivers/lvgl/src/widgets/dropdown/lv_dropdown.c:354:6:lv_dropdown_clear_options	24	static
../Drivers/lvgl/src/widgets/dropdown/lv_dropdown.c:372:6:lv_dropdown_set_selected	24	static
../Drivers/lvgl/src/widgets/dropdown/lv_dropdown.c:389:6:lv_dropdown_set_dir	24	static
../Drivers/lvgl/src/widgets/dropdown/lv_dropdown.c:401:6:lv_dropdown_set_symbol	24	static
../Drivers/lvgl/src/widgets/dropdown/lv_dropdown.c:410:6:lv_dropdown_set_selected_highlight	24	static
../Drivers/lvgl/src/widgets/dropdown/lv_dropdown.c:423:12:lv_dropdown_get_list	24	static
../Drivers/lvgl/src/widgets/dropdown/lv_dropdown.c:431:14:lv_dropdown_get_text	24	static
../Drivers/lvgl/src/widgets/dropdown/lv_dropdown.c:439:14:lv_dropdown_get_options	24	static
../Drivers/lvgl/src/widgets/dropdown/lv_dropdown.c:447:10:lv_dropdown_get_selected	24	static
../Drivers/lvgl/src/widgets/dropdown/lv_dropdown.c:456:10:lv_dropdown_get_option_count	24	static
../Drivers/lvgl/src/widgets/dropdown/lv_dropdown.c:465:6:lv_dropdown_get_selected_str	48	static
../Drivers/lvgl/src/widgets/dropdown/lv_dropdown.c:499:9:lv_dropdown_get_option_index	40	static
../Drivers/lvgl/src/widgets/dropdown/lv_dropdown.c:523:14:lv_dropdown_get_symbol	24	static
../Drivers/lvgl/src/widgets/dropdown/lv_dropdown.c:530:6:lv_dropdown_get_selected_highlight	24	static
../Drivers/lvgl/src/widgets/dropdown/lv_dropdown.c:537:10:lv_dropdown_get_dir	24	static
../Drivers/lvgl/src/widgets/dropdown/lv_dropdown.c:548:6:lv_dropdown_open	80	static
../Drivers/lvgl/src/widgets/dropdown/lv_dropdown.c:646:6:lv_dropdown_close	24	static
../Drivers/lvgl/src/widgets/dropdown/lv_dropdown.c:659:6:lv_dropdown_is_open	24	static
../Drivers/lvgl/src/widgets/dropdown/lv_dropdown.c:692:19:lv_dropdown_list_create	24	static
../Drivers/lvgl/src/widgets/dropdown/lv_dropdown.c:700:13:lv_dropdown_constructor	24	static
../Drivers/lvgl/src/widgets/dropdown/lv_dropdown.c:733:13:lv_dropdown_destructor	24	static
../Drivers/lvgl/src/widgets/dropdown/lv_dropdown.c:750:13:lv_dropdownlist_constructor	16	static
../Drivers/lvgl/src/widgets/dropdown/lv_dropdown.c:765:13:lv_dropdownlist_destructor	32	static
../Drivers/lvgl/src/widgets/dropdown/lv_dropdown.c:774:13:lv_dropdown_event	392	static
../Drivers/lvgl/src/widgets/dropdown/lv_dropdown.c:946:13:lv_dropdown_list_event	40	static
../Drivers/lvgl/src/widgets/dropdown/lv_dropdown.c:981:13:draw_main	640	static
../Drivers/lvgl/src/widgets/dropdown/lv_dropdown.c:1117:13:refresh_size	16	static
../Drivers/lvgl/src/widgets/dropdown/lv_dropdown.c:1123:13:draw_list	80	static
../Drivers/lvgl/src/widgets/dropdown/lv_dropdown.c:1159:13:draw_box	232	static
../Drivers/lvgl/src/widgets/dropdown/lv_dropdown.c:1199:13:draw_box_label	224	static
../Drivers/lvgl/src/widgets/dropdown/lv_dropdown.c:1247:20:btn_release_handler	32	static
../Drivers/lvgl/src/widgets/dropdown/lv_dropdown.c:1283:20:list_release_handler	56	static
../Drivers/lvgl/src/widgets/dropdown/lv_dropdown.c:1319:13:list_press_handler	40	static
../Drivers/lvgl/src/widgets/dropdown/lv_dropdown.c:1334:17:get_id_on_point	48	static
../Drivers/lvgl/src/widgets/dropdown/lv_dropdown.c:1358:13:position_to_selected	56	static
../Drivers/lvgl/src/widgets/dropdown/lv_dropdown.c:1378:19:get_label	24	static
