../Drivers/display/lv_port_indev.c:71:6:lv_port_indev_init	8	static
../Drivers/display/lv_port_indev.c:160:13:touchpad_init	4	static
../Drivers/display/lv_port_indev.c:166:13:touchpad_read	24	static
../Drivers/display/lv_port_indev.c:190:13:touchpad_is_pressed	4	static
../Drivers/display/lv_port_indev.c:198:13:touchpad_get_xy	16	static
../Drivers/display/lv_port_indev.c:211:13:mouse_init	4	static
../Drivers/display/lv_port_indev.c:217:13:mouse_read	16	static
../Drivers/display/lv_port_indev.c:232:13:mouse_is_pressed	4	static
../Drivers/display/lv_port_indev.c:240:13:mouse_get_xy	16	static
../Drivers/display/lv_port_indev.c:253:13:keypad_init	4	static
../Drivers/display/lv_port_indev.c:259:13:keypad_read	24	static
../Drivers/display/lv_port_indev.c:300:17:keypad_get_key	4	static
../Drivers/display/lv_port_indev.c:312:13:encoder_init	4	static
../Drivers/display/lv_port_indev.c:318:13:encoder_read	16	static
../Drivers/display/lv_port_indev.c:326:13:encoder_handler	4	static
../Drivers/display/lv_port_indev.c:339:13:button_init	4	static
../Drivers/display/lv_port_indev.c:345:13:button_read	24	static
../Drivers/display/lv_port_indev.c:366:15:button_get_pressed_id	16	static
../Drivers/display/lv_port_indev.c:383:13:button_is_pressed	16	static
