../Drivers/lvgl/src/widgets/scale/../../core/../misc/../font/../draw/../misc/../stdlib/lv_string.h:73:20:lv_memzero	16	static
../Drivers/lvgl/src/widgets/scale/../../core/../display/../misc/lv_array.h:86:24:lv_array_size	16	static
../Drivers/lvgl/src/widgets/scale/../../core/lv_obj_style_gen.h:30:23:lv_obj_get_style_width	24	static
../Drivers/lvgl/src/widgets/scale/../../core/lv_obj_style_gen.h:69:23:lv_obj_get_style_height	24	static
../Drivers/lvgl/src/widgets/scale/../../core/lv_obj_style_gen.h:108:23:lv_obj_get_style_length	24	static
../Drivers/lvgl/src/widgets/scale/../../core/lv_obj_style_gen.h:193:23:lv_obj_get_style_translate_x	24	static
../Drivers/lvgl/src/widgets/scale/../../core/lv_obj_style_gen.h:207:23:lv_obj_get_style_translate_y	24	static
../Drivers/lvgl/src/widgets/scale/../../core/lv_obj_style_gen.h:220:23:lv_obj_get_style_translate_radial	24	static
../Drivers/lvgl/src/widgets/scale/../../core/lv_obj_style_gen.h:258:23:lv_obj_get_style_transform_rotation	24	static
../Drivers/lvgl/src/widgets/scale/../../core/lv_obj_style_gen.h:320:23:lv_obj_get_style_pad_top	24	static
../Drivers/lvgl/src/widgets/scale/../../core/lv_obj_style_gen.h:332:23:lv_obj_get_style_pad_bottom	24	static
../Drivers/lvgl/src/widgets/scale/../../core/lv_obj_style_gen.h:344:23:lv_obj_get_style_pad_left	24	static
../Drivers/lvgl/src/widgets/scale/../../core/lv_obj_style_gen.h:356:23:lv_obj_get_style_pad_right	24	static
../Drivers/lvgl/src/widgets/scale/../../core/lv_obj_style_gen.h:392:23:lv_obj_get_style_pad_radial	24	static
../Drivers/lvgl/src/widgets/scale/../../core/lv_obj_style_gen.h:708:23:lv_obj_get_style_border_width	24	static
../Drivers/lvgl/src/widgets/scale/../../core/lv_obj_style_gen.h:962:23:lv_obj_get_style_line_width	24	static
../Drivers/lvgl/src/widgets/scale/../../core/lv_obj_style_gen.h:1011:26:lv_obj_get_style_line_color	24	static
../Drivers/lvgl/src/widgets/scale/../../core/lv_obj_style_gen.h:1035:24:lv_obj_get_style_line_opa	24	static
../Drivers/lvgl/src/widgets/scale/../../core/lv_obj_style_gen.h:1047:23:lv_obj_get_style_arc_width	24	static
../Drivers/lvgl/src/widgets/scale/../../core/lv_obj_style_gen.h:1059:20:lv_obj_get_style_arc_rounded	24	static
../Drivers/lvgl/src/widgets/scale/../../core/lv_obj_style_gen.h:1071:26:lv_obj_get_style_arc_color	24	static
../Drivers/lvgl/src/widgets/scale/../../core/lv_obj_style_gen.h:1095:24:lv_obj_get_style_arc_opa	24	static
../Drivers/lvgl/src/widgets/scale/../../core/lv_obj_style_gen.h:1108:28:lv_obj_get_style_arc_image_src	24	static
../Drivers/lvgl/src/widgets/scale/../../core/lv_obj_style_gen.h:1120:26:lv_obj_get_style_text_color	24	static
../Drivers/lvgl/src/widgets/scale/../../core/lv_obj_style_gen.h:1146:24:lv_obj_get_style_text_opa	24	static
../Drivers/lvgl/src/widgets/scale/../../core/lv_obj_style_gen.h:1158:33:lv_obj_get_style_text_font	24	static
../Drivers/lvgl/src/widgets/scale/../../core/lv_obj_style_gen.h:1170:23:lv_obj_get_style_text_letter_space	24	static
../Drivers/lvgl/src/widgets/scale/../../core/lv_obj_style_gen.h:1413:23:lv_obj_get_style_radial_offset	24	static
../Drivers/lvgl/src/widgets/scale/lv_scale.c:158:12:lv_scale_create	24	static
../Drivers/lvgl/src/widgets/scale/lv_scale.c:178:6:lv_scale_set_mode	24	static
../Drivers/lvgl/src/widgets/scale/lv_scale.c:188:6:lv_scale_set_total_tick_count	24	static
../Drivers/lvgl/src/widgets/scale/lv_scale.c:198:6:lv_scale_set_major_tick_every	24	static
../Drivers/lvgl/src/widgets/scale/lv_scale.c:208:6:lv_scale_set_label_show	24	static
../Drivers/lvgl/src/widgets/scale/lv_scale.c:218:6:lv_scale_set_range	32	static
../Drivers/lvgl/src/widgets/scale/lv_scale.c:229:6:lv_scale_set_min_value	24	static
../Drivers/lvgl/src/widgets/scale/lv_scale.c:239:6:lv_scale_set_max_value	24	static
../Drivers/lvgl/src/widgets/scale/lv_scale.c:249:6:lv_scale_set_angle_range	24	static
../Drivers/lvgl/src/widgets/scale/lv_scale.c:259:6:lv_scale_set_rotation	24	static
../Drivers/lvgl/src/widgets/scale/lv_scale.c:277:6:lv_scale_set_line_needle_value	72	static
../Drivers/lvgl/src/widgets/scale/lv_scale.c:361:6:lv_scale_set_image_needle_value	32	static
../Drivers/lvgl/src/widgets/scale/lv_scale.c:385:6:lv_scale_set_text_src	24	static
../Drivers/lvgl/src/widgets/scale/lv_scale.c:402:6:lv_scale_set_post_draw	24	static
../Drivers/lvgl/src/widgets/scale/lv_scale.c:412:6:lv_scale_set_draw_ticks_on_top	24	static
../Drivers/lvgl/src/widgets/scale/lv_scale.c:422:22:lv_scale_add_section	24	static
../Drivers/lvgl/src/widgets/scale/lv_scale.c:443:6:lv_scale_set_section_range	24	static
../Drivers/lvgl/src/widgets/scale/lv_scale.c:452:6:lv_scale_set_section_min_value	24	static
../Drivers/lvgl/src/widgets/scale/lv_scale.c:462:6:lv_scale_set_section_max_value	24	static
../Drivers/lvgl/src/widgets/scale/lv_scale.c:472:6:lv_scale_section_set_range	24	static
../Drivers/lvgl/src/widgets/scale/lv_scale.c:481:6:lv_scale_set_section_style_main	24	static
../Drivers/lvgl/src/widgets/scale/lv_scale.c:490:6:lv_scale_set_section_style_indicator	24	static
../Drivers/lvgl/src/widgets/scale/lv_scale.c:499:6:lv_scale_set_section_style_items	24	static
../Drivers/lvgl/src/widgets/scale/lv_scale.c:508:6:lv_scale_section_set_style	24	static
../Drivers/lvgl/src/widgets/scale/lv_scale.c:534:17:lv_scale_get_mode	24	static
../Drivers/lvgl/src/widgets/scale/lv_scale.c:540:9:lv_scale_get_total_tick_count	24	static
../Drivers/lvgl/src/widgets/scale/lv_scale.c:546:9:lv_scale_get_major_tick_every	24	static
../Drivers/lvgl/src/widgets/scale/lv_scale.c:552:9:lv_scale_get_rotation	24	static
../Drivers/lvgl/src/widgets/scale/lv_scale.c:558:6:lv_scale_get_label_show	24	static
../Drivers/lvgl/src/widgets/scale/lv_scale.c:564:10:lv_scale_get_angle_range	24	static
../Drivers/lvgl/src/widgets/scale/lv_scale.c:570:9:lv_scale_get_range_min_value	24	static
../Drivers/lvgl/src/widgets/scale/lv_scale.c:576:9:lv_scale_get_range_max_value	24	static
../Drivers/lvgl/src/widgets/scale/lv_scale.c:675:13:lv_scale_constructor	24	static
../Drivers/lvgl/src/widgets/scale/lv_scale.c:705:13:lv_scale_destructor	40	static
../Drivers/lvgl/src/widgets/scale/lv_scale.c:729:13:lv_scale_event	48	static
../Drivers/lvgl/src/widgets/scale/lv_scale.c:793:13:scale_draw_indicator	472	static
../Drivers/lvgl/src/widgets/scale/lv_scale.c:892:13:scale_draw_label	304	static
../Drivers/lvgl/src/widgets/scale/lv_scale.c:1014:13:scale_calculate_main_compensation	248	static
../Drivers/lvgl/src/widgets/scale/lv_scale.c:1073:13:scale_draw_main	336	static
../Drivers/lvgl/src/widgets/scale/lv_scale.c:1250:13:scale_get_center	56	static
../Drivers/lvgl/src/widgets/scale/lv_scale.c:1276:13:scale_get_tick_points	256	static
../Drivers/lvgl/src/widgets/scale/lv_scale.c:1443:13:scale_get_label_coords	64	static
../Drivers/lvgl/src/widgets/scale/lv_scale.c:1511:13:scale_set_line_properties	40	static
../Drivers/lvgl/src/widgets/scale/lv_scale.c:1561:13:scale_set_arc_properties	40	static
../Drivers/lvgl/src/widgets/scale/lv_scale.c:1630:13:scale_set_indicator_label_properties	40	static
../Drivers/lvgl/src/widgets/scale/lv_scale.c:1682:13:scale_find_section_tick_idx	56	static
../Drivers/lvgl/src/widgets/scale/lv_scale.c:1736:13:scale_store_main_line_tick_width_compensation	40	static
../Drivers/lvgl/src/widgets/scale/lv_scale.c:1783:13:scale_build_custom_label_text	32	static
../Drivers/lvgl/src/widgets/scale/lv_scale.c:1815:13:scale_store_section_line_tick_width_compensation	40	static
../Drivers/lvgl/src/widgets/scale/lv_scale.c:1882:13:scale_free_line_needle_points_cb	24	static
../Drivers/lvgl/src/widgets/scale/lv_scale.c:1888:13:scale_is_major_tick	16	static
../Drivers/lvgl/src/widgets/scale/lv_scale.c:1893:20:update_needle	56	static
../Drivers/lvgl/src/widgets/scale/lv_scale.c:1918:13:needle_deleted_cb	40	static
