../Drivers/lvgl/src/display/../display/../core/../misc/../font/../draw/../misc/../stdlib/lv_string.h:73:20:lv_memzero	16	static
../Drivers/lvgl/src/display/lv_display.c:74:16:lv_display_create	24	static
../Drivers/lvgl/src/display/lv_display.c:195:6:lv_display_delete	24	static
../Drivers/lvgl/src/display/lv_display.c:259:6:lv_display_set_default	16	static
../Drivers/lvgl/src/display/lv_display.c:264:16:lv_display_get_default	4	static
../Drivers/lvgl/src/display/lv_display.c:269:16:lv_display_get_next	16	static
../Drivers/lvgl/src/display/lv_display.c:281:6:lv_display_set_resolution	24	static
../Drivers/lvgl/src/display/lv_display.c:294:6:lv_display_set_physical_resolution	24	static
../Drivers/lvgl/src/display/lv_display.c:306:6:lv_display_set_offset	24	static
../Drivers/lvgl/src/display/lv_display.c:318:6:lv_display_set_dpi	16	static
../Drivers/lvgl/src/display/lv_display.c:326:9:lv_display_get_horizontal_resolution	16	static
../Drivers/lvgl/src/display/lv_display.c:344:9:lv_display_get_vertical_resolution	16	static
../Drivers/lvgl/src/display/lv_display.c:362:9:lv_display_get_original_horizontal_resolution	16	static
../Drivers/lvgl/src/display/lv_display.c:372:9:lv_display_get_original_vertical_resolution	16	static
../Drivers/lvgl/src/display/lv_display.c:382:9:lv_display_get_physical_horizontal_resolution	16	static
../Drivers/lvgl/src/display/lv_display.c:400:9:lv_display_get_physical_vertical_resolution	16	static
../Drivers/lvgl/src/display/lv_display.c:418:9:lv_display_get_offset_x	16	static
../Drivers/lvgl/src/display/lv_display.c:439:9:lv_display_get_offset_y	16	static
../Drivers/lvgl/src/display/lv_display.c:460:9:lv_display_get_dpi	16	static
../Drivers/lvgl/src/display/lv_display.c:471:6:lv_display_set_draw_buffers	24	static
../Drivers/lvgl/src/display/lv_display.c:483:6:lv_display_set_3rd_draw_buffer	16	static
../Drivers/lvgl/src/display/lv_display.c:494:6:lv_display_set_buffers	56	static
../Drivers/lvgl/src/display/lv_display.c:528:6:lv_display_set_buffers_with_stride	56	static
../Drivers/lvgl/src/display/lv_display.c:560:6:lv_display_set_render_mode	16	static
../Drivers/lvgl/src/display/lv_display.c:567:6:lv_display_set_flush_cb	16	static
../Drivers/lvgl/src/display/lv_display.c:575:6:lv_display_set_flush_wait_cb	16	static
../Drivers/lvgl/src/display/lv_display.c:583:6:lv_display_set_sync_cb	16	static
../Drivers/lvgl/src/display/lv_display.c:591:6:lv_display_set_sync_wait_cb	16	static
../Drivers/lvgl/src/display/lv_display.c:599:6:lv_display_set_color_format	16	static
../Drivers/lvgl/src/display/lv_display.c:620:19:lv_display_get_color_format	16	static
../Drivers/lvgl/src/display/lv_display.c:628:6:lv_display_set_tile_cnt	24	static
../Drivers/lvgl/src/display/lv_display.c:638:10:lv_display_get_tile_cnt	16	static
../Drivers/lvgl/src/display/lv_display.c:646:6:lv_display_set_antialiasing	16	static
../Drivers/lvgl/src/display/lv_display.c:656:6:lv_display_get_antialiasing	16	static
../Drivers/lvgl/src/display/lv_display.c:664:26:lv_display_get_render_mode	16	static
../Drivers/lvgl/src/display/lv_display.c:672:31:lv_display_flush_ready	16	static
../Drivers/lvgl/src/display/lv_display.c:677:31:lv_display_flush_is_last	16	static
../Drivers/lvgl/src/display/lv_display.c:682:30:lv_display_sync_ready	16	static
../Drivers/lvgl/src/display/lv_display.c:687:30:lv_display_sync_is_last	16	static
../Drivers/lvgl/src/display/lv_display.c:692:6:lv_display_is_double_buffered	16	static
../Drivers/lvgl/src/display/lv_display.c:701:12:lv_display_get_screen_active	16	static
../Drivers/lvgl/src/display/lv_display.c:712:12:lv_display_get_screen_loading	16	static
../Drivers/lvgl/src/display/lv_display.c:723:12:lv_display_get_screen_prev	16	static
../Drivers/lvgl/src/display/lv_display.c:734:12:lv_display_get_layer_top	16	static
../Drivers/lvgl/src/display/lv_display.c:745:12:lv_display_get_layer_sys	16	static
../Drivers/lvgl/src/display/lv_display.c:756:12:lv_display_get_layer_bottom	16	static
../Drivers/lvgl/src/display/lv_display.c:789:6:lv_screen_load	24	static
../Drivers/lvgl/src/display/lv_display.c:794:6:lv_screen_load_anim	232	static
../Drivers/lvgl/src/display/lv_display.c:960:18:lv_display_add_event_cb	24	static
../Drivers/lvgl/src/display/lv_display.c:968:10:lv_display_get_event_count	16	static
../Drivers/lvgl/src/display/lv_display.c:974:18:lv_display_get_event_dsc	16	static
../Drivers/lvgl/src/display/lv_display.c:981:6:lv_display_remove_event	16	static
../Drivers/lvgl/src/display/lv_display.c:988:10:lv_display_remove_event_cb_with_user_data	40	static
../Drivers/lvgl/src/display/lv_display.c:1007:13:lv_display_send_event	24	static
../Drivers/lvgl/src/display/lv_display.c:1012:13:lv_event_get_invalidated_area	16	static
../Drivers/lvgl/src/display/lv_display.c:1023:6:lv_display_set_rotation	16	static
../Drivers/lvgl/src/display/lv_display.c:1032:23:lv_display_get_rotation	16	static
../Drivers/lvgl/src/display/lv_display.c:1039:6:lv_display_set_matrix_rotation	16	static
../Drivers/lvgl/src/display/lv_display.c:1058:6:lv_display_get_matrix_rotation	16	static
../Drivers/lvgl/src/display/lv_display.c:1065:6:lv_display_set_theme	24	static
../Drivers/lvgl/src/display/lv_display.c:1090:14:lv_display_get_theme	16	static
../Drivers/lvgl/src/display/lv_display.c:1096:10:lv_display_get_inactive_time	32	static
../Drivers/lvgl/src/display/lv_display.c:1112:6:lv_display_trigger_activity	16	static
../Drivers/lvgl/src/display/lv_display.c:1123:6:lv_display_enable_invalidation	16	static
../Drivers/lvgl/src/display/lv_display.c:1134:6:lv_display_is_invalidation_enabled	16	static
../Drivers/lvgl/src/display/lv_display.c:1145:14:lv_display_get_refr_timer	16	static
../Drivers/lvgl/src/display/lv_display.c:1153:6:lv_display_delete_refr_timer	16	static
../Drivers/lvgl/src/display/lv_display.c:1162:13:lv_display_send_vsync_event	16	static
../Drivers/lvgl/src/display/lv_display.c:1173:6:lv_display_register_vsync_event	24	static
../Drivers/lvgl/src/display/lv_display.c:1188:6:lv_display_unregister_vsync_event	32	static
../Drivers/lvgl/src/display/lv_display.c:1205:6:lv_display_set_user_data	16	static
../Drivers/lvgl/src/display/lv_display.c:1212:6:lv_display_set_driver_data	16	static
../Drivers/lvgl/src/display/lv_display.c:1220:8:lv_display_get_user_data	16	static
../Drivers/lvgl/src/display/lv_display.c:1227:8:lv_display_get_driver_data	16	static
../Drivers/lvgl/src/display/lv_display.c:1235:17:lv_display_get_buf_active	16	static
../Drivers/lvgl/src/display/lv_display.c:1242:6:lv_display_rotate_area	32	static
../Drivers/lvgl/src/display/lv_display.c:1275:6:lv_display_rotate_point	32	static
../Drivers/lvgl/src/display/lv_display.c:1302:10:lv_display_get_draw_buf_size	16	static
../Drivers/lvgl/src/display/lv_display.c:1313:10:lv_display_get_invalidated_draw_buf_size	40	static
../Drivers/lvgl/src/display/lv_display.c:1334:12:lv_screen_active	8	static
../Drivers/lvgl/src/display/lv_display.c:1339:12:lv_layer_top	8	static
../Drivers/lvgl/src/display/lv_display.c:1344:12:lv_layer_sys	8	static
../Drivers/lvgl/src/display/lv_display.c:1349:12:lv_layer_bottom	8	static
../Drivers/lvgl/src/display/lv_display.c:1354:9:lv_dpx	16	static
../Drivers/lvgl/src/display/lv_display.c:1359:9:lv_display_dpx	16	static
../Drivers/lvgl/src/display/lv_display.c:1381:13:old_screen_deleted	16	static
../Drivers/lvgl/src/display/lv_display.c:1385:13:new_screen_deleted	16	static
../Drivers/lvgl/src/display/lv_display.c:1390:13:update_resolution	48	static
../Drivers/lvgl/src/display/lv_display.c:1426:31:invalidate_layout_cb	16	static
../Drivers/lvgl/src/display/lv_display.c:1433:13:screen_event_delete_cb	24	static
../Drivers/lvgl/src/display/lv_display.c:1455:32:load_new_screen	24	static
../Drivers/lvgl/src/display/lv_display.c:1521:13:scr_load_anim_start	24	static
../Drivers/lvgl/src/display/lv_display.c:1531:13:opa_scale_anim	16	static
../Drivers/lvgl/src/display/lv_display.c:1536:13:set_x_anim	16	static
../Drivers/lvgl/src/display/lv_display.c:1541:13:set_y_anim	16	static
../Drivers/lvgl/src/display/lv_display.c:1546:13:scr_anim_completed	24	static
../Drivers/lvgl/src/display/lv_display.c:1568:13:is_out_anim	16	static
../Drivers/lvgl/src/display/lv_display.c:1577:13:disp_event_cb	24	static
