../Drivers/lvgl/src/draw/../misc/../stdlib/lv_string.h:73:20:lv_memzero	16	static
../Drivers/lvgl/src/draw/lv_draw_buf.h:324:20:lv_draw_buf_has_flag	16	static
../Drivers/lvgl/src/draw/../misc/cache/class/../../../osal/lv_os_private.h:209:27:lv_mutex_init	16	static
../Drivers/lvgl/src/draw/../misc/cache/class/../../../osal/lv_os_private.h:215:27:lv_mutex_lock	16	static
../Drivers/lvgl/src/draw/../misc/cache/class/../../../osal/lv_os_private.h:227:27:lv_mutex_unlock	16	static
../Drivers/lvgl/src/draw/../misc/cache/class/../../../osal/lv_os_private.h:233:27:lv_mutex_delete	16	static
../Drivers/lvgl/src/draw/lv_image_decoder.c:68:6:lv_image_decoder_init	16	static
../Drivers/lvgl/src/draw/lv_image_decoder.c:83:6:lv_image_decoder_deinit	8	static
../Drivers/lvgl/src/draw/lv_image_decoder.c:94:13:lv_image_decoder_get_info	96	static
../Drivers/lvgl/src/draw/lv_image_decoder.c:110:13:lv_image_decoder_open	32	static
../Drivers/lvgl/src/draw/lv_image_decoder.c:186:13:lv_image_decoder_get_area	40	static
../Drivers/lvgl/src/draw/lv_image_decoder.c:201:6:lv_image_decoder_close	16	static
../Drivers/lvgl/src/draw/lv_image_decoder.c:230:22:lv_image_decoder_create	16	static
../Drivers/lvgl/src/draw/lv_image_decoder.c:242:6:lv_image_decoder_delete	16	static
../Drivers/lvgl/src/draw/lv_image_decoder.c:248:22:lv_image_decoder_get_next	16	static
../Drivers/lvgl/src/draw/lv_image_decoder.c:256:6:lv_image_decoder_set_info_cb	16	static
../Drivers/lvgl/src/draw/lv_image_decoder.c:261:6:lv_image_decoder_set_open_cb	16	static
../Drivers/lvgl/src/draw/lv_image_decoder.c:266:6:lv_image_decoder_set_get_area_cb	16	static
../Drivers/lvgl/src/draw/lv_image_decoder.c:271:6:lv_image_decoder_set_close_cb	16	static
../Drivers/lvgl/src/draw/lv_image_decoder.c:276:20:lv_image_decoder_add_to_cache	32	static
../Drivers/lvgl/src/draw/lv_image_decoder.c:302:17:lv_image_decoder_post_process	40	static
../Drivers/lvgl/src/draw/lv_image_decoder.c:363:29:image_decoder_get_info	112	static
../Drivers/lvgl/src/draw/lv_image_decoder.c:464:17:img_width_to_stride	24	static
../Drivers/lvgl/src/draw/lv_image_decoder.c:474:20:try_cache	56	static
