../Drivers/lvgl/src/layouts/grid/../../misc/lv_area.h:107:20:lv_area_copy	16	static
../Drivers/lvgl/src/layouts/grid/../../stdlib/lv_string.h:73:20:lv_memzero	16	static
../Drivers/lvgl/src/layouts/grid/../../core/lv_obj_style_gen.h:30:23:lv_obj_get_style_width	24	static
../Drivers/lvgl/src/layouts/grid/../../core/lv_obj_style_gen.h:69:23:lv_obj_get_style_height	24	static
../Drivers/lvgl/src/layouts/grid/../../core/lv_obj_style_gen.h:193:23:lv_obj_get_style_translate_x	24	static
../Drivers/lvgl/src/layouts/grid/../../core/lv_obj_style_gen.h:207:23:lv_obj_get_style_translate_y	24	static
../Drivers/lvgl/src/layouts/grid/../../core/lv_obj_style_gen.h:320:23:lv_obj_get_style_pad_top	24	static
../Drivers/lvgl/src/layouts/grid/../../core/lv_obj_style_gen.h:344:23:lv_obj_get_style_pad_left	24	static
../Drivers/lvgl/src/layouts/grid/../../core/lv_obj_style_gen.h:368:23:lv_obj_get_style_pad_row	24	static
../Drivers/lvgl/src/layouts/grid/../../core/lv_obj_style_gen.h:380:23:lv_obj_get_style_pad_column	24	static
../Drivers/lvgl/src/layouts/grid/../../core/lv_obj_style_gen.h:404:23:lv_obj_get_style_margin_top	24	static
../Drivers/lvgl/src/layouts/grid/../../core/lv_obj_style_gen.h:416:23:lv_obj_get_style_margin_bottom	24	static
../Drivers/lvgl/src/layouts/grid/../../core/lv_obj_style_gen.h:428:23:lv_obj_get_style_margin_left	24	static
../Drivers/lvgl/src/layouts/grid/../../core/lv_obj_style_gen.h:440:23:lv_obj_get_style_margin_right	24	static
../Drivers/lvgl/src/layouts/grid/../../core/lv_obj_style_gen.h:708:23:lv_obj_get_style_border_width	24	static
../Drivers/lvgl/src/layouts/grid/../../core/lv_obj_style_gen.h:722:32:lv_obj_get_style_border_side	24	static
../Drivers/lvgl/src/layouts/grid/../../core/lv_obj_style_gen.h:1585:29:lv_obj_get_style_base_dir	24	static
../Drivers/lvgl/src/layouts/grid/../../core/lv_obj_style_gen.h:1687:31:lv_obj_get_style_grid_column_dsc_array	24	static
../Drivers/lvgl/src/layouts/grid/../../core/lv_obj_style_gen.h:1699:31:lv_obj_get_style_grid_column_align	24	static
../Drivers/lvgl/src/layouts/grid/../../core/lv_obj_style_gen.h:1711:31:lv_obj_get_style_grid_row_dsc_array	24	static
../Drivers/lvgl/src/layouts/grid/../../core/lv_obj_style_gen.h:1723:31:lv_obj_get_style_grid_row_align	24	static
../Drivers/lvgl/src/layouts/grid/../../core/lv_obj_style_gen.h:1735:23:lv_obj_get_style_grid_cell_column_pos	24	static
../Drivers/lvgl/src/layouts/grid/../../core/lv_obj_style_gen.h:1747:31:lv_obj_get_style_grid_cell_x_align	24	static
../Drivers/lvgl/src/layouts/grid/../../core/lv_obj_style_gen.h:1759:23:lv_obj_get_style_grid_cell_column_span	24	static
../Drivers/lvgl/src/layouts/grid/../../core/lv_obj_style_gen.h:1771:23:lv_obj_get_style_grid_cell_row_pos	24	static
../Drivers/lvgl/src/layouts/grid/../../core/lv_obj_style_gen.h:1783:31:lv_obj_get_style_grid_cell_y_align	24	static
../Drivers/lvgl/src/layouts/grid/../../core/lv_obj_style_gen.h:1795:23:lv_obj_get_style_grid_cell_row_span	24	static
../Drivers/lvgl/src/layouts/grid/../../core/lv_obj_style.h:336:23:lv_obj_get_style_space_left	32	static
../Drivers/lvgl/src/layouts/grid/../../core/lv_obj_style.h:352:23:lv_obj_get_style_space_top	32	static
../Drivers/lvgl/src/layouts/grid/lv_grid.c:67:31:get_col_dsc	16	static
../Drivers/lvgl/src/layouts/grid/lv_grid.c:71:31:get_row_dsc	16	static
../Drivers/lvgl/src/layouts/grid/lv_grid.c:75:23:get_col_pos	16	static
../Drivers/lvgl/src/layouts/grid/lv_grid.c:79:23:get_row_pos	16	static
../Drivers/lvgl/src/layouts/grid/lv_grid.c:83:23:get_col_span	16	static
../Drivers/lvgl/src/layouts/grid/lv_grid.c:87:23:get_row_span	16	static
../Drivers/lvgl/src/layouts/grid/lv_grid.c:91:31:get_cell_col_align	16	static
../Drivers/lvgl/src/layouts/grid/lv_grid.c:95:31:get_cell_row_align	16	static
../Drivers/lvgl/src/layouts/grid/lv_grid.c:99:31:get_grid_col_align	16	static
../Drivers/lvgl/src/layouts/grid/lv_grid.c:103:31:get_grid_row_align	16	static
../Drivers/lvgl/src/layouts/grid/lv_grid.c:107:23:get_margin_hor	24	static
../Drivers/lvgl/src/layouts/grid/lv_grid.c:112:23:get_margin_ver	24	static
../Drivers/lvgl/src/layouts/grid/lv_grid.c:118:23:lv_div_round_closest	16	static
../Drivers/lvgl/src/layouts/grid/lv_grid.c:144:6:lv_grid_init	4	static
../Drivers/lvgl/src/layouts/grid/lv_grid.c:151:6:lv_obj_set_grid_dsc_array	24	static
../Drivers/lvgl/src/layouts/grid/lv_grid.c:158:6:lv_obj_set_grid_align	16	static
../Drivers/lvgl/src/layouts/grid/lv_grid.c:165:6:lv_obj_set_grid_cell	24	static
../Drivers/lvgl/src/layouts/grid/lv_grid.c:179:9:lv_grid_fr	16	static
../Drivers/lvgl/src/layouts/grid/lv_grid.c:188:13:grid_update	104	static
../Drivers/lvgl/src/layouts/grid/lv_grid.c:234:20:calc	80	static
../Drivers/lvgl/src/layouts/grid/lv_grid.c:275:13:calc_free	16	static
../Drivers/lvgl/src/layouts/grid/lv_grid.c:283:20:calc_cols	104	static
../Drivers/lvgl/src/layouts/grid/lv_grid.c:384:20:calc_rows	104	static
../Drivers/lvgl/src/layouts/grid/lv_grid.c:488:13:item_repos	136	static
../Drivers/lvgl/src/layouts/grid/lv_grid.c:666:16:grid_align	40	static
../Drivers/lvgl/src/layouts/grid/lv_grid.c:735:17:count_tracks	24	static
