../Drivers/lvgl/src/indev/../core/../misc/../font/../draw/../misc/../stdlib/lv_string.h:73:20:lv_memzero	16	static
../Drivers/lvgl/src/indev/../core/lv_obj_style_gen.h:233:23:lv_obj_get_style_transform_scale_x	24	static
../Drivers/lvgl/src/indev/../core/lv_obj_style_gen.h:246:23:lv_obj_get_style_transform_scale_y	24	static
../Drivers/lvgl/src/indev/../core/lv_obj_style_gen.h:258:23:lv_obj_get_style_transform_rotation	24	static
../Drivers/lvgl/src/indev/../core/lv_obj_style_gen.h:1611:24:lv_obj_get_style_rotary_sensitivity	24	static
../Drivers/lvgl/src/indev/../core/lv_obj_style.h:370:23:lv_obj_get_style_transform_scale_x_safe	24	static
../Drivers/lvgl/src/indev/../core/lv_obj_style.h:376:23:lv_obj_get_style_transform_scale_y_safe	24	static
../Drivers/lvgl/src/indev/lv_indev.c:89:20:indev_scroll_throw_anim_reset	16	static
../Drivers/lvgl/src/indev/lv_indev.c:115:14:lv_indev_create	16	static
../Drivers/lvgl/src/indev/lv_indev.c:157:6:lv_indev_delete	16	static
../Drivers/lvgl/src/indev/lv_indev.c:182:14:lv_indev_get_next	16	static
../Drivers/lvgl/src/indev/lv_indev.c:190:6:indev_read_core	16	static
../Drivers/lvgl/src/indev/lv_indev.c:220:6:lv_indev_read_timer_cb	16	static
../Drivers/lvgl/src/indev/lv_indev.c:225:6:lv_indev_read	88	static
../Drivers/lvgl/src/indev/lv_indev.c:294:6:lv_indev_enable	24	static
../Drivers/lvgl/src/indev/lv_indev.c:308:14:lv_indev_active	4	static
../Drivers/lvgl/src/indev/lv_indev.c:313:6:lv_indev_set_type	16	static
../Drivers/lvgl/src/indev/lv_indev.c:321:6:lv_indev_set_read_cb	16	static
../Drivers/lvgl/src/indev/lv_indev.c:328:6:lv_indev_set_user_data	16	static
../Drivers/lvgl/src/indev/lv_indev.c:334:6:lv_indev_set_driver_data	16	static
../Drivers/lvgl/src/indev/lv_indev.c:340:20:lv_indev_get_read_cb	16	static
../Drivers/lvgl/src/indev/lv_indev.c:350:17:lv_indev_get_type	16	static
../Drivers/lvgl/src/indev/lv_indev.c:357:18:lv_indev_get_state	16	static
../Drivers/lvgl/src/indev/lv_indev.c:364:14:lv_indev_get_group	16	static
../Drivers/lvgl/src/indev/lv_indev.c:371:16:lv_indev_get_display	16	static
../Drivers/lvgl/src/indev/lv_indev.c:378:6:lv_indev_set_display	16	static
../Drivers/lvgl/src/indev/lv_indev.c:385:6:lv_indev_set_long_press_time	16	static
../Drivers/lvgl/src/indev/lv_indev.c:392:6:lv_indev_set_long_press_repeat_time	16	static
../Drivers/lvgl/src/indev/lv_indev.c:399:6:lv_indev_set_scroll_limit	16	static
../Drivers/lvgl/src/indev/lv_indev.c:406:6:lv_indev_set_scroll_throw	16	static
../Drivers/lvgl/src/indev/lv_indev.c:413:6:lv_indev_set_gesture_min_distance	16	static
../Drivers/lvgl/src/indev/lv_indev.c:421:6:lv_indev_set_gesture_min_velocity	16	static
../Drivers/lvgl/src/indev/lv_indev.c:428:8:lv_indev_get_user_data	16	static
../Drivers/lvgl/src/indev/lv_indev.c:434:8:lv_indev_get_driver_data	16	static
../Drivers/lvgl/src/indev/lv_indev.c:441:6:lv_indev_get_press_moved	16	static
../Drivers/lvgl/src/indev/lv_indev.c:448:6:lv_indev_reset	24	static
../Drivers/lvgl/src/indev/lv_indev.c:463:6:lv_indev_stop_processing	16	static
../Drivers/lvgl/src/indev/lv_indev.c:469:6:lv_indev_reset_long_press	16	static
../Drivers/lvgl/src/indev/lv_indev.c:475:6:lv_indev_set_cursor	24	static
../Drivers/lvgl/src/indev/lv_indev.c:486:6:lv_indev_set_group	16	static
../Drivers/lvgl/src/indev/lv_indev.c:493:6:lv_indev_set_button_points	16	static
../Drivers/lvgl/src/indev/lv_indev.c:500:6:lv_indev_get_point	16	static
../Drivers/lvgl/src/indev/lv_indev.c:516:10:lv_indev_get_gesture_dir	16	static
../Drivers/lvgl/src/indev/lv_indev.c:521:10:lv_indev_get_key	24	static
../Drivers/lvgl/src/indev/lv_indev.c:531:9:lv_indev_get_short_click_streak	16	static
../Drivers/lvgl/src/indev/lv_indev.c:536:10:lv_indev_get_scroll_dir	16	static
../Drivers/lvgl/src/indev/lv_indev.c:543:12:lv_indev_get_scroll_obj	16	static
../Drivers/lvgl/src/indev/lv_indev.c:550:6:lv_indev_get_vect	16	static
../Drivers/lvgl/src/indev/lv_indev.c:563:12:lv_indev_get_cursor	16	static
../Drivers/lvgl/src/indev/lv_indev.c:569:6:lv_indev_wait_release	16	static
../Drivers/lvgl/src/indev/lv_indev.c:575:12:lv_indev_get_active_obj	4	static
../Drivers/lvgl/src/indev/lv_indev.c:580:14:lv_indev_get_read_timer	16	static
../Drivers/lvgl/src/indev/lv_indev.c:590:17:lv_indev_get_mode	16	static
../Drivers/lvgl/src/indev/lv_indev.c:596:6:lv_indev_set_mode	16	static
../Drivers/lvgl/src/indev/lv_indev.c:614:12:lv_indev_search_obj	72	static
../Drivers/lvgl/src/indev/lv_indev.c:650:18:lv_indev_add_event_cb	24	static
../Drivers/lvgl/src/indev/lv_indev.c:658:10:lv_indev_get_event_count	16	static
../Drivers/lvgl/src/indev/lv_indev.c:664:18:lv_indev_get_event_dsc	16	static
../Drivers/lvgl/src/indev/lv_indev.c:671:6:lv_indev_remove_event	16	static
../Drivers/lvgl/src/indev/lv_indev.c:678:10:lv_indev_remove_event_cb_with_user_data	40	static
../Drivers/lvgl/src/indev/lv_indev.c:697:13:lv_indev_send_event	24	static
../Drivers/lvgl/src/indev/lv_indev.c:702:6:lv_indev_set_key_remap_cb	16	static
../Drivers/lvgl/src/indev/lv_indev.c:734:13:indev_pointer_proc	16	static
../Drivers/lvgl/src/indev/lv_indev.c:793:13:indev_keypad_proc	32	static
../Drivers/lvgl/src/indev/lv_indev.c:957:13:indev_encoder_proc	40	static
../Drivers/lvgl/src/indev/lv_indev.c:1186:13:indev_button_proc	24	static
../Drivers/lvgl/src/indev/lv_indev.c:1242:16:indev_scroll_throw_decay	16	static
../Drivers/lvgl/src/indev/lv_indev.c:1253:13:indev_proc_press	40	static
../Drivers/lvgl/src/indev/lv_indev.c:1457:13:indev_proc_release	80	static
../Drivers/lvgl/src/indev/lv_indev.c:1588:20:indev_proc_short_click	32	static
../Drivers/lvgl/src/indev/lv_indev.c:1622:13:indev_proc_pointer_diff	56	static
../Drivers/lvgl/src/indev/lv_indev.c:1656:19:pointer_search_obj	16	static
../Drivers/lvgl/src/indev/lv_indev.c:1679:13:indev_proc_reset_query_handler	16	static
../Drivers/lvgl/src/indev/lv_indev.c:1717:13:indev_click_focus	24	static
../Drivers/lvgl/src/indev/lv_indev.c:1785:6:indev_gesture	24	static
../Drivers/lvgl/src/indev/lv_indev.c:1840:13:indev_reset_check	16	static
../Drivers/lvgl/src/indev/lv_indev.c:1854:13:indev_stop_processing_check	16	static
../Drivers/lvgl/src/indev/lv_indev.c:1864:13:indev_reset_core	24	static
../Drivers/lvgl/src/indev/lv_indev.c:1900:20:send_event	24	static
../Drivers/lvgl/src/indev/lv_indev.c:1928:13:indev_scroll_throw_anim_cb	24	static
../Drivers/lvgl/src/indev/lv_indev.c:1944:13:indev_scroll_throw_anim_completed_cb	16	static
../Drivers/lvgl/src/indev/lv_indev.c:1951:13:indev_scroll_throw_anim_start	112	static
