../Drivers/lvgl/src/indev/../core/lv_obj_style_gen.h:233:23:lv_obj_get_style_transform_scale_x	24	static
../Drivers/lvgl/src/indev/../core/lv_obj_style_gen.h:246:23:lv_obj_get_style_transform_scale_y	24	static
../Drivers/lvgl/src/indev/../core/lv_obj_style_gen.h:258:23:lv_obj_get_style_transform_rotation	24	static
../Drivers/lvgl/src/indev/../core/lv_obj_style_gen.h:320:23:lv_obj_get_style_pad_top	24	static
../Drivers/lvgl/src/indev/../core/lv_obj_style_gen.h:332:23:lv_obj_get_style_pad_bottom	24	static
../Drivers/lvgl/src/indev/../core/lv_obj_style_gen.h:344:23:lv_obj_get_style_pad_left	24	static
../Drivers/lvgl/src/indev/../core/lv_obj_style_gen.h:356:23:lv_obj_get_style_pad_right	24	static
../Drivers/lvgl/src/indev/../core/lv_obj_style.h:370:23:lv_obj_get_style_transform_scale_x_safe	24	static
../Drivers/lvgl/src/indev/../core/lv_obj_style.h:376:23:lv_obj_get_style_transform_scale_y_safe	24	static
../Drivers/lvgl/src/indev/lv_indev_scroll.c:47:6:lv_indev_scroll_handler	96	static
../Drivers/lvgl/src/indev/lv_indev_scroll.c:124:6:lv_indev_scroll_throw_handler	88	static
../Drivers/lvgl/src/indev/lv_indev_scroll.c:236:9:lv_indev_scroll_throw_predict	32	static
../Drivers/lvgl/src/indev/lv_indev_scroll.c:261:6:lv_indev_scroll_get_snap_dist	16	static
../Drivers/lvgl/src/indev/lv_indev_scroll.c:267:12:lv_indev_find_scroll_obj	112	static
../Drivers/lvgl/src/indev/lv_indev_scroll.c:447:13:init_scroll_limits	48	static
../Drivers/lvgl/src/indev/lv_indev_scroll.c:521:16:find_snap_point_x	72	static
../Drivers/lvgl/src/indev/lv_indev_scroll.c:577:16:find_snap_point_y	72	static
../Drivers/lvgl/src/indev/lv_indev_scroll.c:623:13:scroll_limit_diff	24	static
../Drivers/lvgl/src/indev/lv_indev_scroll.c:646:16:elastic_diff	40	static
../Drivers/lvgl/src/indev/lv_indev_scroll.c:714:13:has_more_snap_points	72	static
